main.c:89:5:main	8	static
main.c:151:6:SystemClock_Config	88	static
main.c:192:6:system_init	8	static
main.c:204:6:test_LedDebug	8	static
main.c:211:9:isButtonUp	4	static
main.c:219:9:isButtonDown	4	static
main.c:227:9:isButtonRight	4	static
main.c:237:6:button_Handle	8	static
main.c:252:6:setup_adc	24	static
main.c:262:6:draw_axes	16	static
main.c:271:6:plot_graph	32	static
main.c:292:6:test_Adc	40	static
main.c:322:6:test_Buzzer	8	static
main.c:342:6:digital_clock	8	static
main.c:378:6:Error_Handler	4	static,ignoring_inline_asm
