Archive member included to satisfy reference by file (symbol)

/Applications/STM32CubeIDE.app/Contents/Eclipse/plugins/com.st.stm32cube.ide.mcu.externaltools.gnu-tools-for-stm32.9-2020-q2-update.macos64_2.0.0.202105311346/tools/bin/../lib/gcc/arm-none-eabi/9.3.1/../../../../arm-none-eabi/lib/thumb/v7e-m+fp/hard/libc_nano.a(lib_a-errno.o)
                              ./Core/Src/syscalls.o (__errno)
/Applications/STM32CubeIDE.app/Contents/Eclipse/plugins/com.st.stm32cube.ide.mcu.externaltools.gnu-tools-for-stm32.9-2020-q2-update.macos64_2.0.0.202105311346/tools/bin/../lib/gcc/arm-none-eabi/9.3.1/../../../../arm-none-eabi/lib/thumb/v7e-m+fp/hard/libc_nano.a(lib_a-exit.o)
                              /Applications/STM32CubeIDE.app/Contents/Eclipse/plugins/com.st.stm32cube.ide.mcu.externaltools.gnu-tools-for-stm32.9-2020-q2-update.macos64_2.0.0.202105311346/tools/bin/../lib/gcc/arm-none-eabi/9.3.1/../../../../arm-none-eabi/lib/thumb/v7e-m+fp/hard/crt0.o (exit)
/Applications/STM32CubeIDE.app/Contents/Eclipse/plugins/com.st.stm32cube.ide.mcu.externaltools.gnu-tools-for-stm32.9-2020-q2-update.macos64_2.0.0.202105311346/tools/bin/../lib/gcc/arm-none-eabi/9.3.1/../../../../arm-none-eabi/lib/thumb/v7e-m+fp/hard/libc_nano.a(lib_a-impure.o)
                              /Applications/STM32CubeIDE.app/Contents/Eclipse/plugins/com.st.stm32cube.ide.mcu.externaltools.gnu-tools-for-stm32.9-2020-q2-update.macos64_2.0.0.202105311346/tools/bin/../lib/gcc/arm-none-eabi/9.3.1/../../../../arm-none-eabi/lib/thumb/v7e-m+fp/hard/libc_nano.a(lib_a-exit.o) (_global_impure_ptr)
/Applications/STM32CubeIDE.app/Contents/Eclipse/plugins/com.st.stm32cube.ide.mcu.externaltools.gnu-tools-for-stm32.9-2020-q2-update.macos64_2.0.0.202105311346/tools/bin/../lib/gcc/arm-none-eabi/9.3.1/../../../../arm-none-eabi/lib/thumb/v7e-m+fp/hard/libc_nano.a(lib_a-init.o)
                              /Applications/STM32CubeIDE.app/Contents/Eclipse/plugins/com.st.stm32cube.ide.mcu.externaltools.gnu-tools-for-stm32.9-2020-q2-update.macos64_2.0.0.202105311346/tools/bin/../lib/gcc/arm-none-eabi/9.3.1/../../../../arm-none-eabi/lib/thumb/v7e-m+fp/hard/crt0.o (__libc_init_array)
/Applications/STM32CubeIDE.app/Contents/Eclipse/plugins/com.st.stm32cube.ide.mcu.externaltools.gnu-tools-for-stm32.9-2020-q2-update.macos64_2.0.0.202105311346/tools/bin/../lib/gcc/arm-none-eabi/9.3.1/../../../../arm-none-eabi/lib/thumb/v7e-m+fp/hard/libc_nano.a(lib_a-memset.o)
                              /Applications/STM32CubeIDE.app/Contents/Eclipse/plugins/com.st.stm32cube.ide.mcu.externaltools.gnu-tools-for-stm32.9-2020-q2-update.macos64_2.0.0.202105311346/tools/bin/../lib/gcc/arm-none-eabi/9.3.1/../../../../arm-none-eabi/lib/thumb/v7e-m+fp/hard/crt0.o (memset)
/Applications/STM32CubeIDE.app/Contents/Eclipse/plugins/com.st.stm32cube.ide.mcu.externaltools.gnu-tools-for-stm32.9-2020-q2-update.macos64_2.0.0.202105311346/tools/bin/../lib/gcc/arm-none-eabi/9.3.1/../../../../arm-none-eabi/lib/thumb/v7e-m+fp/hard/libc_nano.a(lib_a-rand.o)
                              ./Core/Src/main.o (rand)
/Applications/STM32CubeIDE.app/Contents/Eclipse/plugins/com.st.stm32cube.ide.mcu.externaltools.gnu-tools-for-stm32.9-2020-q2-update.macos64_2.0.0.202105311346/tools/bin/../lib/gcc/arm-none-eabi/9.3.1/../../../../arm-none-eabi/lib/thumb/v7e-m+fp/hard/libc_nano.a(lib_a-strlen.o)
                              ./Core/Src/lcd.o (strlen)
/Applications/STM32CubeIDE.app/Contents/Eclipse/plugins/com.st.stm32cube.ide.mcu.externaltools.gnu-tools-for-stm32.9-2020-q2-update.macos64_2.0.0.202105311346/tools/bin/../lib/gcc/arm-none-eabi/9.3.1/../../../../arm-none-eabi/lib/thumb/v7e-m+fp/hard/libc_nano.a(lib_a-assert.o)
                              /Applications/STM32CubeIDE.app/Contents/Eclipse/plugins/com.st.stm32cube.ide.mcu.externaltools.gnu-tools-for-stm32.9-2020-q2-update.macos64_2.0.0.202105311346/tools/bin/../lib/gcc/arm-none-eabi/9.3.1/../../../../arm-none-eabi/lib/thumb/v7e-m+fp/hard/libc_nano.a(lib_a-rand.o) (__assert_func)
/Applications/STM32CubeIDE.app/Contents/Eclipse/plugins/com.st.stm32cube.ide.mcu.externaltools.gnu-tools-for-stm32.9-2020-q2-update.macos64_2.0.0.202105311346/tools/bin/../lib/gcc/arm-none-eabi/9.3.1/../../../../arm-none-eabi/lib/thumb/v7e-m+fp/hard/libc_nano.a(lib_a-fprintf.o)
                              /Applications/STM32CubeIDE.app/Contents/Eclipse/plugins/com.st.stm32cube.ide.mcu.externaltools.gnu-tools-for-stm32.9-2020-q2-update.macos64_2.0.0.202105311346/tools/bin/../lib/gcc/arm-none-eabi/9.3.1/../../../../arm-none-eabi/lib/thumb/v7e-m+fp/hard/libc_nano.a(lib_a-assert.o) (fiprintf)
/Applications/STM32CubeIDE.app/Contents/Eclipse/plugins/com.st.stm32cube.ide.mcu.externaltools.gnu-tools-for-stm32.9-2020-q2-update.macos64_2.0.0.202105311346/tools/bin/../lib/gcc/arm-none-eabi/9.3.1/../../../../arm-none-eabi/lib/thumb/v7e-m+fp/hard/libc_nano.a(lib_a-malloc.o)
[...]
Memory Configuration

Name             Origin             Length             Attributes
CCMRAM           0x0000000010000000 0x0000000000010000 xrw
RAM              0x0000000020000000 0x0000000000020000 xrw
FLASH            0x0000000008000000 0x0000000000100000 xr
*default*        0x0000000000000000 0xffffffffffffffff

Linker script and memory map

LOAD /Applications/STM32CubeIDE.app/Contents/Eclipse/plugins/com.st.stm32cube.ide.mcu.externaltools.gnu-tools-for-stm32.9-2020-q2-update.macos64_2.0.0.202105311346/tools/bin/../lib/gcc/arm-none-eabi/9.3.1/thumb/v7e-m+fp/hard/crti.o
LOAD /Applications/STM32CubeIDE.app/Contents/Eclipse/plugins/com.st.stm32cube.ide.mcu.externaltools.gnu-tools-for-stm32.9-2020-q2-update.macos64_2.0.0.202105311346/tools/bin/../lib/gcc/arm-none-eabi/9.3.1/thumb/v7e-m+fp/hard/crtbegin.o
LOAD /Applications/STM32CubeIDE.app/Contents/Eclipse/plugins/com.st.stm32cube.ide.mcu.externaltools.gnu-tools-for-stm32.9-2020-q2-update.macos64_2.0.0.202105311346/tools/bin/../lib/gcc/arm-none-eabi/9.3.1/../../../../arm-none-eabi/lib/thumb/v7e-m+fp/hard/crt0.o
LOAD ./Core/Src/adc.o
LOAD ./Core/Src/at24c.o
LOAD ./Core/Src/button.o
LOAD ./Core/Src/buzzer.o
LOAD ./Core/Src/dma.o
LOAD ./Core/Src/ds3231.o
LOAD ./Core/Src/fsmc.o
LOAD ./Core/Src/gpio.o
LOAD ./Core/Src/i2c.o
LOAD ./Core/Src/lcd.o
LOAD ./Core/Src/led_7seg.o
LOAD ./Core/Src/main.o
LOAD ./Core/Src/picture.o
LOAD ./Core/Src/sensor.o
LOAD ./Core/Src/software_timer.o
LOAD ./Core/Src/spi.o
LOAD ./Core/Src/stm32f4xx_hal_msp.o
LOAD ./Core/Src/stm32f4xx_it.o
LOAD ./Core/Src/syscalls.o
LOAD ./Core/Src/sysmem.o
LOAD ./Core/Src/system_stm32f4xx.o
LOAD ./Core/Src/tim.o
LOAD ./Core/Src/touch.o
LOAD ./Core/Src/utils.o
LOAD ./Core/Startup/startup_stm32f407zetx.o
LOAD ./Drivers/STM32F4xx_HAL_Driver/Src/stm32f4xx_hal.o
LOAD ./Drivers/STM32F4xx_HAL_Driver/Src/stm32f4xx_hal_adc.o
LOAD ./Drivers/STM32F4xx_HAL_Driver/Src/stm32f4xx_hal_adc_ex.o
LOAD ./Drivers/STM32F4xx_HAL_Driver/Src/stm32f4xx_hal_cortex.o
LOAD ./Drivers/STM32F4xx_HAL_Driver/Src/stm32f4xx_hal_dma.o
LOAD ./Drivers/STM32F4xx_HAL_Driver/Src/stm32f4xx_hal_dma_ex.o
LOAD ./Drivers/STM32F4xx_HAL_Driver/Src/stm32f4xx_hal_exti.o
LOAD ./Drivers/STM32F4xx_HAL_Driver/Src/stm32f4xx_hal_flash.o
LOAD ./Drivers/STM32F4xx_HAL_Driver/Src/stm32f4xx_hal_flash_ex.o
LOAD ./Drivers/STM32F4xx_HAL_Driver/Src/stm32f4xx_hal_flash_ramfunc.o
LOAD ./Drivers/STM32F4xx_HAL_Driver/Src/stm32f4xx_hal_gpio.o
LOAD ./Drivers/STM32F4xx_HAL_Driver/Src/stm32f4xx_hal_i2c.o
LOAD ./Drivers/STM32F4xx_HAL_Driver/Src/stm32f4xx_hal_i2c_ex.o
LOAD ./Drivers/STM32F4xx_HAL_Driver/Src/stm32f4xx_hal_pwr.o
LOAD ./Drivers/STM32F4xx_HAL_Driver/Src/stm32f4xx_hal_pwr_ex.o
LOAD ./Drivers/STM32F4xx_HAL_Driver/Src/stm32f4xx_hal_rcc.o
LOAD ./Drivers/STM32F4xx_HAL_Driver/Src/stm32f4xx_hal_rcc_ex.o
LOAD ./Drivers/STM32F4xx_HAL_Driver/Src/stm32f4xx_hal_spi.o
LOAD ./Drivers/STM32F4xx_HAL_Driver/Src/stm32f4xx_hal_sram.o
LOAD ./Drivers/STM32F4xx_HAL_Driver/Src/stm32f4xx_hal_tim.o
LOAD ./Drivers/STM32F4xx_HAL_Driver/Src/stm32f4xx_hal_tim_ex.o
LOAD ./Drivers/STM32F4xx_HAL_Driver/Src/stm32f4xx_ll_adc.o
LOAD ./Drivers/STM32F4xx_HAL_Driver/Src/stm32f4xx_ll_fsmc.o
START GROUP
LOAD /Applications/STM32CubeIDE.app/Contents/Eclipse/plugins/com.st.stm32cube.ide.mcu.externaltools.gnu-tools-for-stm32.9-2020-q2-update.macos64_2.0.0.202105311346/tools/bin/../lib/gcc/arm-none-eabi/9.3.1/../../../../arm-none-eabi/lib/thumb/v7e-m+fp/hard/libc_nano.a
LOAD /Applications/STM32CubeIDE.app/Contents/Eclipse/plugins/com.st.stm32cube.ide.mcu.externaltools.gnu-tools-for-stm32.9-2020-q2-update.macos64_2.0.0.202105311346/tools/bin/../lib/gcc/arm-none-eabi/9.3.1/../../../../arm-none-eabi/lib/thumb/v7e-m+fp/hard/libm.a
END GROUP
START GROUP
LOAD /Applications/STM32CubeIDE.app/Contents/Eclipse/plugins/com.st.stm32cube.ide.mcu.externaltools.gnu-tools-for-stm32.9-2020-q2-update.macos64_2.0.0.202105311346/tools/bin/../lib/gcc/arm-none-eabi/9.3.1/thumb/v7e-m+fp/hard/libgcc.a
LOAD /Applications/STM32CubeIDE.app/Contents/Eclipse/plugins/com.st.stm32cube.ide.mcu.externaltools.gnu-tools-for-stm32.9-2020-q2-update.macos64_2.0.0.202105311346/tools/bin/../lib/gcc/arm-none-eabi/9.3.1/../../../../arm-none-eabi/lib/thumb/v7e-m+fp/hard/libc_nano.a
END GROUP
START GROUP
LOAD /Applications/STM32CubeIDE.app/Contents/Eclipse/plugins/com.st.stm32cube.ide.mcu.externaltools.gnu-tools-for-stm32.9-2020-q2-update.macos64_2.0.0.202105311346/tools/bin/../lib/gcc/arm-none-eabi/9.3.1/thumb/v7e-m+fp/hard/libgcc.a
LOAD /Applications/STM32CubeIDE.app/Contents/Eclipse/plugins/com.st.stm32cube.ide.mcu.externaltools.gnu-tools-for-stm32.9-2020-q2-update.macos64_2.0.0.202105311346/tools/bin/../lib/gcc/arm-none-eabi/9.3.1/../../../../arm-none-eabi/lib/thumb/v7e-m+fp/hard/libc_nano.a
LOAD /Applications/STM32CubeIDE.app/Contents/Eclipse/plugins/com.st.stm32cube.ide.mcu.externaltools.gnu-tools-for-stm32.9-2020-q2-update.macos64_2.0.0.202105311346/tools/bin/../lib/gcc/arm-none-eabi/9.3.1/../../../../arm-none-eabi/lib/thumb/v7e-m+fp/hard/libnosys.a
END GROUP
START GROUP
LOAD /Applications/STM32CubeIDE.app/Contents/Eclipse/plugins/com.st.stm32cube.ide.mcu.externaltools.gnu-tools-for-stm32.9-2020-q2-update.macos64_2.0.0.202105311346/tools/bin/../lib/gcc/arm-none-eabi/9.3.1/thumb/v7e-m+fp/hard/libgcc.a
LOAD /Applications/STM32CubeIDE.app/Contents/Eclipse/plugins/com.st.stm32cube.ide.mcu.externaltools.gnu-tools-for-stm32.9-2020-q2-update.macos64_2.0.0.202105311346/tools/bin/../lib/gcc/arm-none-eabi/9.3.1/../../../../arm-none-eabi/lib/thumb/v7e-m+fp/hard/libc_nano.a
LOAD /Applications/STM32CubeIDE.app/Contents/Eclipse/plugins/com.st.stm32cube.ide.mcu.externaltools.gnu-tools-for-stm32.9-2020-q2-update.macos64_2.0.0.202105311346/tools/bin/../lib/gcc/arm-none-eabi/9.3.1/../../../../arm-none-eabi/lib/thumb/v7e-m+fp/hard/libnosys.a
END GROUP
LOAD /Applications/STM32CubeIDE.app/Contents/Eclipse/plugins/com.st.stm32cube.ide.mcu.externaltools.gnu-tools-for-stm32.9-2020-q2-update.macos64_2.0.0.202105311346/tools/bin/../lib/gcc/arm-none-eabi/9.3.1/thumb/v7e-m+fp/hard/crtend.o
LOAD /Applications/STM32CubeIDE.app/Contents/Eclipse/plugins/com.st.stm32cube.ide.mcu.externaltools.gnu-tools-for-stm32.9-2020-q2-update.macos64_2.0.0.202105311346/tools/bin/../lib/gcc/arm-none-eabi/9.3.1/thumb/v7e-m+fp/hard/crtn.o
                0x0000000020020000                _estack = (ORIGIN (RAM) + LENGTH (RAM))
                0x0000000000000200                _Min_Heap_Size = 0x200
                0x0000000000000400                _Min_Stack_Size = 0x400

.isr_vector     0x0000000008000000      0x188
                0x0000000008000000                . = ALIGN (0x4)
 *(.isr_vector)
 .isr_vector    0x0000000008000000      0x188 ./Core/Startup/startup_stm32f407zetx.o
                0x0000000008000000                g_pfnVectors
                0x0000000008000188                . = ALIGN (0x4)

.text           0x0000000008000190     0x91a8
                0x0000000008000190                . = ALIGN (0x4)
 *(.text)
 .text          0x0000000008000190       0x40 /Applications/STM32CubeIDE.app/Contents/Eclipse/plugins/com.st.stm32cube.ide.mcu.externaltools.gnu-tools-for-stm32.9-2020-q2-update.macos64_2.0.0.202105311346/tools/bin/../lib/gcc/arm-none-eabi/9.3.1/thumb/v7e-m+fp/hard/crtbegin.o
 .text          0x00000000080001d0       0xa0 /Applications/STM32CubeIDE.app/Contents/Eclipse/plugins/com.st.stm32cube.ide.mcu.externaltools.gnu-tools-for-stm32.9-2020-q2-update.macos64_2.0.0.202105311346/tools/bin/../lib/gcc/arm-none-eabi/9.3.1/../../../../arm-none-eabi/lib/thumb/v7e-m+fp/hard/libc_nano.a(lib_a-memchr.o)
                0x00000000080001d0                memchr
 .text          0x0000000008000270      0x378 /Applications/STM32CubeIDE.app/Contents/Eclipse/plugins/com.st.stm32cube.ide.mcu.externaltools.gnu-tools-for-stm32.9-2020-q2-update.macos64_2.0.0.202105311346/tools/bin/../lib/gcc/arm-none-eabi/9.3.1/thumb/v7e-m+fp/hard/libgcc.a(_arm_addsubdf3.o)
                0x0000000008000270                __aeabi_drsub
                0x0000000008000278                __subdf3
                0x0000000008000278                __aeabi_dsub
                0x000000000800027c                __aeabi_dadd
                0x000000000800027c                __adddf3
                0x00000000080004f4                __aeabi_ui2d
                0x00000000080004f4                __floatunsidf
                0x0000000008000514                __floatsidf
                0x0000000008000514                __aeabi_i2d
                0x0000000008000538                __extendsfdf2
                0x0000000008000538                __aeabi_f2d
                0x000000000800057c                __aeabi_ul2d
                0x000000000800057c                __floatundidf
                0x000000000800058c                __aeabi_l2d
                0x000000000800058c                __floatdidf
 .text          0x00000000080005e8      0x424 /Applications/STM32CubeIDE.app/Contents/Eclipse/plugins/com.st.stm32cube.ide.mcu.externaltools.gnu-tools-for-stm32.9-2020-q2-update.macos64_2.0.0.202105311346/tools/bin/../lib/gcc/arm-none-eabi/9.3.1/thumb/v7e-m+fp/hard/libgcc.a(_arm_muldivdf3.o)
                0x00000000080005e8                __aeabi_dmul
                0x00000000080005e8                __muldf3
                0x000000000800083c                __aeabi_ddiv
                0x000000000800083c                __divdf3
 .text          0x0000000008000a0c      0x110 /Applications/STM32CubeIDE.app/Contents/Eclipse/plugins/com.st.stm32cube.ide.mcu.externaltools.gnu-tools-for-stm32.9-2020-q2-update.macos64_2.0.0.202105311346/tools/bin/../lib/gcc/arm-none-eabi/9.3.1/thumb/v7e-m+fp/hard/libgcc.a(_arm_cmpdf2.o)
                0x0000000008000a0c                __gedf2
                0x0000000008000a0c                __gtdf2
                0x0000000008000a14                __ledf2
                0x0000000008000a14                __ltdf2
                0x0000000008000a1c                __cmpdf2
                0x0000000008000a1c                __eqdf2
                0x0000000008000a1c                __nedf2
                0x0000000008000a98                __aeabi_cdrcmple
                0x0000000008000aa8                __aeabi_cdcmple
                0x0000000008000aa8                __aeabi_cdcmpeq
                0x0000000008000ab8                __aeabi_dcmpeq
                0x0000000008000acc                __aeabi_dcmplt
                0x0000000008000ae0                __aeabi_dcmple
                0x0000000008000af4                __aeabi_dcmpge
                0x0000000008000b08                __aeabi_dcmpgt
 .text          0x0000000008000b1c       0x2c /Applications/STM32CubeIDE.app/Contents/Eclipse/plugins/com.st.stm32cube.ide.mcu.externaltools.gnu-tools-for-stm32.9-2020-q2-update.macos64_2.0.0.202105311346/tools/bin/../lib/gcc/arm-none-eabi/9.3.1/thumb/v7e-m+fp/hard/libgcc.a(_arm_unorddf2.o)
                0x0000000008000b1c                __aeabi_dcmpun
                0x0000000008000b1c                __unorddf2
 .text          0x0000000008000b48       0x40 /Applications/STM32CubeIDE.app/Contents/Eclipse/plugins/com.st.stm32cube.ide.mcu.externaltools.gnu-tools-for-stm32.9-2020-q2-update.macos64_2.0.0.202105311346/tools/bin/../lib/gcc/arm-none-eabi/9.3.1/thumb/v7e-m+fp/hard/libgcc.a(_arm_fixunsdfsi.o)
                0x0000000008000b48                __fixunsdfsi
                0x0000000008000b48                __aeabi_d2uiz
 .text          0x0000000008000b88       0x30 /Applications/STM32CubeIDE.app/Contents/Eclipse/plugins/com.st.stm32cube.ide.mcu.externaltools.gnu-tools-for-stm32.9-2020-q2-update.macos64_2.0.0.202105311346/tools/bin/../lib/gcc/arm-none-eabi/9.3.1/thumb/v7e-m+fp/hard/libgcc.a(_aeabi_uldivmod.o)
                0x0000000008000b88                __aeabi_uldivmod
 .text          0x0000000008000bb8      0x2c4 /Applications/STM32CubeIDE.app/Contents/Eclipse/plugins/com.st.stm32cube.ide.mcu.externaltools.gnu-tools-for-stm32.9-2020-q2-update.macos64_2.0.0.202105311346/tools/bin/../lib/gcc/arm-none-eabi/9.3.1/thumb/v7e-m+fp/hard/libgcc.a(_udivmoddi4.o)
                0x0000000008000bb8                __udivmoddi4
 .text          0x0000000008000e7c        0x4 /Applications/STM32CubeIDE.app/Contents/Eclipse/plugins/com.st.stm32cube.ide.mcu.externaltools.gnu-tools-for-stm32.9-2020-q2-update.macos64_2.0.0.202105311346/tools/bin/../lib/gcc/arm-none-eabi/9.3.1/thumb/v7e-m+fp/hard/libgcc.a(_dvmd_tls.o)
                0x0000000008000e7c                __aeabi_ldiv0
                0x0000000008000e7c                __aeabi_idiv0
 *(.text*)
 .text.MX_ADC1_Init
                0x0000000008000e80      0x114 ./Core/Src/adc.o
                0x0000000008000e80                MX_ADC1_Init
 .text.HAL_ADC_MspInit
                0x0000000008000f94      0x128 ./Core/Src/adc.o
                0x0000000008000f94                HAL_ADC_MspInit
 .text.at24c_init
                0x00000000080010bc        0xc ./Core/Src/at24c.o
                0x00000000080010bc                at24c_init
 .text.at24c_ReadOneByte
                0x00000000080010c8       0x38 ./Core/Src/at24c.o
                0x00000000080010c8                at24c_ReadOneByte
 .text.at24c_WriteOneByte
                0x0000000008001100       0x3c ./Core/Src/at24c.o
                0x0000000008001100                at24c_WriteOneByte
 .text.at24c_Check
                0x000000000800113c       0x46 ./Core/Src/at24c.o
 .text.at24c_Read
                0x0000000008001182       0x3e ./Core/Src/at24c.o
                0x0000000008001182                at24c_Read
 .text.at24c_Write
                0x00000000080011c0       0x40 ./Core/Src/at24c.o
                0x00000000080011c0                at24c_Write
 .text.button_init
                0x0000000008001200       0x18 ./Core/Src/button.o
                0x0000000008001200                button_init
 .text.MX_DMA_Init
                0x0000000008001218       0x40 ./Core/Src/dma.o
                0x0000000008001218                MX_DMA_Init
 .text.MX_FSMC_Init
                0x0000000008001258       0xf4 ./Core/Src/fsmc.o
                0x0000000008001258                MX_FSMC_Init
 .text.HAL_FSMC_MspInit
                0x000000000800134c       0x98 ./Core/Src/fsmc.o
 .text.HAL_SRAM_MspInit
                0x00000000080013e4       0x14 ./Core/Src/fsmc.o
                0x00000000080013e4                HAL_SRAM_MspInit
 .text.MX_GPIO_Init
                0x00000000080013f8      0x22c ./Core/Src/gpio.o
                0x00000000080013f8                MX_GPIO_Init
 .text.MX_I2C1_Init
                0x0000000008001624       0x5c ./Core/Src/i2c.o
                0x0000000008001624                MX_I2C1_Init
 .text.HAL_I2C_MspInit
                0x0000000008001680       0x90 ./Core/Src/i2c.o
                0x0000000008001680                HAL_I2C_MspInit
 .text.LCD_WR_REG
                0x0000000008001710       0x20 ./Core/Src/lcd.o
                0x0000000008001710                LCD_WR_REG
 .text.LCD_WR_DATA
                0x0000000008001730       0x20 ./Core/Src/lcd.o
 .text.LCD_RD_DATA
                0x0000000008001750       0x24 ./Core/Src/lcd.o
 .text.lcd_AddressSet
                0x0000000008001774       0x98 ./Core/Src/lcd.o
                0x0000000008001774                lcd_AddressSet
 .text.lcd_Clear
                0x000000000800180c       0x64 ./Core/Src/lcd.o
                0x000000000800180c                lcd_Clear
 .text.lcd_Fill
                0x0000000008001870       0x6c ./Core/Src/lcd.o
                0x0000000008001870                lcd_Fill
 .text.lcd_DrawPoint
                0x00000000080018dc       0x2e ./Core/Src/lcd.o
                0x00000000080018dc                lcd_DrawPoint
 .text.lcd_DrawLine
                0x000000000800190a      0x108 ./Core/Src/lcd.o
                0x000000000800190a                lcd_DrawLine
 .text.lcd_DrawRectangle
                0x0000000008001a12       0x6e ./Core/Src/lcd.o
                0x0000000008001a12                lcd_DrawRectangle
 .text.lcd_ShowChar
                0x0000000008001a80      0x1a0 ./Core/Src/lcd.o
                0x0000000008001a80                lcd_ShowChar
 .text.lcd_SetDir
                0x0000000008001c20       0x48 ./Core/Src/lcd.o
                0x0000000008001c20                lcd_SetDir
 .text.lcd_init
                0x0000000008001c68      0x2c0 ./Core/Src/lcd.o
                0x0000000008001c68                lcd_init
 .text._draw_circle_8
                0x0000000008001f28      0x116 ./Core/Src/lcd.o
 .text.lcd_DrawCircle
                0x000000000800203e       0xd8 ./Core/Src/lcd.o
                0x000000000800203e                lcd_DrawCircle
 *fill*         0x0000000008002116        0x2 
 .text.lcd_ShowStr
                0x0000000008002118       0xc8 ./Core/Src/lcd.o
                0x0000000008002118                lcd_ShowStr
 .text.led7_Scan
                0x00000000080021e0      0x118 ./Core/Src/led_7seg.o
                0x00000000080021e0                led7_Scan
 .text.main     0x00000000080022f8       0x6c ./Core/Src/main.o
                0x00000000080022f8                main
 .text.SystemClock_Config
                0x0000000008002364       0xd4 ./Core/Src/main.o
                0x0000000008002364                SystemClock_Config
 .text.system_init
                0x0000000008002438       0x1e ./Core/Src/main.o
                0x0000000008002438                system_init
 .text.isButtonStart
                0x0000000008002456       0x48 ./Core/Src/main.o
                0x0000000008002456                isButtonStart
 *fill*         0x000000000800249e        0x2 
 .text.isNavigatorTouch
                0x00000000080024a0       0xe4 ./Core/Src/main.o
                0x00000000080024a0                isNavigatorTouch
 .text.touchProcess
                0x0000000008002584      0x1b8 ./Core/Src/main.o
                0x0000000008002584                touchProcess
 .text.setup    0x000000000800273c      0x10c ./Core/Src/main.o
                0x000000000800273c                setup
 .text.logic    0x0000000008002848      0x2bc ./Core/Src/main.o
                0x0000000008002848                logic
 .text.Error_Handler
                0x0000000008002b04        0xa ./Core/Src/main.o
                0x0000000008002b04                Error_Handler
 *fill*         0x0000000008002b0e        0x2 
 .text.timer_init
                0x0000000008002b10       0x1c ./Core/Src/software_timer.o
                0x0000000008002b10                timer_init
 .text.setTimer2
                0x0000000008002b2c       0x38 ./Core/Src/software_timer.o
                0x0000000008002b2c                setTimer2
 .text.HAL_TIM_PeriodElapsedCallback
                0x0000000008002b64       0x54 ./Core/Src/software_timer.o
                0x0000000008002b64                HAL_TIM_PeriodElapsedCallback
 .text.delay_us
                0x0000000008002bb8       0x34 ./Core/Src/software_timer.o
                0x0000000008002bb8                delay_us
 .text.MX_SPI1_Init
                0x0000000008002bec       0x6c ./Core/Src/spi.o
                0x0000000008002bec                MX_SPI1_Init
 .text.HAL_SPI_MspInit
                0x0000000008002c58       0x90 ./Core/Src/spi.o
                0x0000000008002c58                HAL_SPI_MspInit
 .text.HAL_MspInit
                0x0000000008002ce8       0x50 ./Core/Src/stm32f4xx_hal_msp.o
                0x0000000008002ce8                HAL_MspInit
 .text.NMI_Handler
                0x0000000008002d38        0x6 ./Core/Src/stm32f4xx_it.o
                0x0000000008002d38                NMI_Handler
 .text.HardFault_Handler
                0x0000000008002d3e        0x6 ./Core/Src/stm32f4xx_it.o
                0x0000000008002d3e                HardFault_Handler
 .text.MemManage_Handler
                0x0000000008002d44        0x6 ./Core/Src/stm32f4xx_it.o
                0x0000000008002d44                MemManage_Handler
 .text.BusFault_Handler
                0x0000000008002d4a        0x6 ./Core/Src/stm32f4xx_it.o
                0x0000000008002d4a                BusFault_Handler
 .text.UsageFault_Handler
                0x0000000008002d50        0x6 ./Core/Src/stm32f4xx_it.o
                0x0000000008002d50                UsageFault_Handler
 .text.SVC_Handler
                0x0000000008002d56        0xe ./Core/Src/stm32f4xx_it.o
                0x0000000008002d56                SVC_Handler
 .text.DebugMon_Handler
                0x0000000008002d64        0xe ./Core/Src/stm32f4xx_it.o
                0x0000000008002d64                DebugMon_Handler
 .text.PendSV_Handler
                0x0000000008002d72        0xe ./Core/Src/stm32f4xx_it.o
                0x0000000008002d72                PendSV_Handler
 .text.SysTick_Handler
                0x0000000008002d80        0xc ./Core/Src/stm32f4xx_it.o
                0x0000000008002d80                SysTick_Handler
 .text.TIM2_IRQHandler
                0x0000000008002d8c       0x14 ./Core/Src/stm32f4xx_it.o
                0x0000000008002d8c                TIM2_IRQHandler
 .text.DMA2_Stream0_IRQHandler
                0x0000000008002da0       0x14 ./Core/Src/stm32f4xx_it.o
                0x0000000008002da0                DMA2_Stream0_IRQHandler
 .text._getpid  0x0000000008002db4       0x10 ./Core/Src/syscalls.o
                0x0000000008002db4                _getpid
 .text._kill    0x0000000008002dc4       0x20 ./Core/Src/syscalls.o
                0x0000000008002dc4                _kill
 .text._exit    0x0000000008002de4       0x14 ./Core/Src/syscalls.o
                0x0000000008002de4                _exit
 .text._read    0x0000000008002df8       0x3a ./Core/Src/syscalls.o
                0x0000000008002df8                _read
 .text._write   0x0000000008002e32       0x38 ./Core/Src/syscalls.o
                0x0000000008002e32                _write
 .text._close   0x0000000008002e6a       0x18 ./Core/Src/syscalls.o
                0x0000000008002e6a                _close
 .text._fstat   0x0000000008002e82       0x20 ./Core/Src/syscalls.o
                0x0000000008002e82                _fstat
 .text._isatty  0x0000000008002ea2       0x16 ./Core/Src/syscalls.o
                0x0000000008002ea2                _isatty
 .text._lseek   0x0000000008002eb8       0x1a ./Core/Src/syscalls.o
                0x0000000008002eb8                _lseek
 *fill*         0x0000000008002ed2        0x2 
 .text._sbrk    0x0000000008002ed4       0x6c ./Core/Src/sysmem.o
                0x0000000008002ed4                _sbrk
 .text.SystemInit
                0x0000000008002f40       0x24 ./Core/Src/system_stm32f4xx.o
                0x0000000008002f40                SystemInit
 .text.MX_TIM1_Init
                0x0000000008002f64       0xa0 ./Core/Src/tim.o
                0x0000000008002f64                MX_TIM1_Init
 .text.MX_TIM2_Init
                0x0000000008003004       0x98 ./Core/Src/tim.o
                0x0000000008003004                MX_TIM2_Init
 .text.MX_TIM13_Init
                0x000000000800309c       0x9c ./Core/Src/tim.o
                0x000000000800309c                MX_TIM13_Init
 .text.HAL_TIM_Base_MspInit
                0x0000000008003138       0xa4 ./Core/Src/tim.o
                0x0000000008003138                HAL_TIM_Base_MspInit
 .text.HAL_TIM_MspPostInit
                0x00000000080031dc       0x74 ./Core/Src/tim.o
                0x00000000080031dc                HAL_TIM_MspPostInit
 .text.TP_Write_Byte
                0x0000000008003250       0x78 ./Core/Src/touch.o
 .text.TP_Read_AD
                0x00000000080032c8       0xe0 ./Core/Src/touch.o
 .text.TP_Read_XOY
                0x00000000080033a8      0x104 ./Core/Src/touch.o
 .text.TP_Read_XY
                0x00000000080034ac       0x44 ./Core/Src/touch.o
 .text.TP_Read_XY2
                0x00000000080034f0       0xc4 ./Core/Src/touch.o
 .text.TP_Drow_Touch_Point
                0x00000000080035b4       0xae ./Core/Src/touch.o
 *fill*         0x0000000008003662        0x2 
 .text.TP_Scan  0x0000000008003664      0x12c ./Core/Src/touch.o
 .text.TP_Save_Adjdata
                0x0000000008003790       0x20 ./Core/Src/touch.o
 .text.TP_Get_Adjdata
                0x00000000080037b0       0x38 ./Core/Src/touch.o
 .text.touch_Adjust
                0x00000000080037e8      0x7ac ./Core/Src/touch.o
                0x00000000080037e8                touch_Adjust
 .text.touch_init
                0x0000000008003f94       0x20 ./Core/Src/touch.o
                0x0000000008003f94                touch_init
 .text.touch_Scan
                0x0000000008003fb4       0x14 ./Core/Src/touch.o
                0x0000000008003fb4                touch_Scan
 .text.touch_IsTouched
                0x0000000008003fc8       0x24 ./Core/Src/touch.o
                0x0000000008003fc8                touch_IsTouched
 .text.touch_GetX
                0x0000000008003fec       0x18 ./Core/Src/touch.o
                0x0000000008003fec                touch_GetX
 .text.touch_GetY
                0x0000000008004004       0x18 ./Core/Src/touch.o
                0x0000000008004004                touch_GetY
 .text.Reset_Handler
                0x000000000800401c       0x50 ./Core/Startup/startup_stm32f407zetx.o
                0x000000000800401c                Reset_Handler
 .text.Default_Handler
                0x000000000800406c        0x2 ./Core/Startup/startup_stm32f407zetx.o
                0x000000000800406c                DMA1_Stream3_IRQHandler
                0x000000000800406c                HASH_RNG_IRQHandler
                0x000000000800406c                EXTI2_IRQHandler
                0x000000000800406c                TIM8_CC_IRQHandler
                0x000000000800406c                TIM1_CC_IRQHandler
                0x000000000800406c                DMA2_Stream5_IRQHandler
                0x000000000800406c                DMA1_Stream5_IRQHandler
                0x000000000800406c                PVD_IRQHandler
                0x000000000800406c                SDIO_IRQHandler
                0x000000000800406c                TAMP_STAMP_IRQHandler
                0x000000000800406c                CAN2_RX1_IRQHandler
                0x000000000800406c                EXTI3_IRQHandler
                0x000000000800406c                TIM8_TRG_COM_TIM14_IRQHandler
                0x000000000800406c                TIM1_UP_TIM10_IRQHandler
                0x000000000800406c                TIM8_UP_TIM13_IRQHandler
                0x000000000800406c                I2C3_ER_IRQHandler
                0x000000000800406c                EXTI0_IRQHandler
                0x000000000800406c                I2C2_EV_IRQHandler
                0x000000000800406c                DMA1_Stream2_IRQHandler
                0x000000000800406c                CAN1_RX0_IRQHandler
                0x000000000800406c                FPU_IRQHandler
                0x000000000800406c                OTG_HS_WKUP_IRQHandler
                0x000000000800406c                CAN2_SCE_IRQHandler
                0x000000000800406c                DMA2_Stream2_IRQHandler
                0x000000000800406c                SPI1_IRQHandler
                0x000000000800406c                TIM6_DAC_IRQHandler
                0x000000000800406c                TIM1_BRK_TIM9_IRQHandler
                0x000000000800406c                DCMI_IRQHandler
                0x000000000800406c                CAN2_RX0_IRQHandler
                0x000000000800406c                DMA2_Stream3_IRQHandler
                0x000000000800406c                USART6_IRQHandler
                0x000000000800406c                USART3_IRQHandler
                0x000000000800406c                CAN1_RX1_IRQHandler
                0x000000000800406c                UART5_IRQHandler
                0x000000000800406c                TIM4_IRQHandler
                0x000000000800406c                I2C1_EV_IRQHandler
                0x000000000800406c                DMA1_Stream6_IRQHandler
                0x000000000800406c                DMA1_Stream1_IRQHandler
                0x000000000800406c                UART4_IRQHandler
                0x000000000800406c                TIM3_IRQHandler
                0x000000000800406c                RCC_IRQHandler
                0x000000000800406c                TIM8_BRK_TIM12_IRQHandler
                0x000000000800406c                Default_Handler
                0x000000000800406c                EXTI15_10_IRQHandler
                0x000000000800406c                ADC_IRQHandler
                0x000000000800406c                DMA1_Stream7_IRQHandler
                0x000000000800406c                TIM7_IRQHandler
                0x000000000800406c                CAN2_TX_IRQHandler
                0x000000000800406c                TIM5_IRQHandler
                0x000000000800406c                DMA2_Stream7_IRQHandler
                0x000000000800406c                I2C3_EV_IRQHandler
                0x000000000800406c                EXTI9_5_IRQHandler
                0x000000000800406c                RTC_WKUP_IRQHandler
                0x000000000800406c                ETH_WKUP_IRQHandler
                0x000000000800406c                SPI2_IRQHandler
                0x000000000800406c                OTG_HS_EP1_IN_IRQHandler
                0x000000000800406c                DMA1_Stream0_IRQHandler
                0x000000000800406c                CAN1_TX_IRQHandler
                0x000000000800406c                EXTI4_IRQHandler
                0x000000000800406c                FSMC_IRQHandler
                0x000000000800406c                ETH_IRQHandler
                0x000000000800406c                OTG_HS_EP1_OUT_IRQHandler
                0x000000000800406c                WWDG_IRQHandler
                0x000000000800406c                OTG_FS_WKUP_IRQHandler
                0x000000000800406c                TIM1_TRG_COM_TIM11_IRQHandler
                0x000000000800406c                OTG_HS_IRQHandler
                0x000000000800406c                EXTI1_IRQHandler
                0x000000000800406c                USART2_IRQHandler
                0x000000000800406c                I2C2_ER_IRQHandler
                0x000000000800406c                DMA2_Stream1_IRQHandler
                0x000000000800406c                CAN1_SCE_IRQHandler
                0x000000000800406c                FLASH_IRQHandler
                0x000000000800406c                DMA2_Stream4_IRQHandler
                0x000000000800406c                USART1_IRQHandler
                0x000000000800406c                OTG_FS_IRQHandler
                0x000000000800406c                SPI3_IRQHandler
                0x000000000800406c                DMA1_Stream4_IRQHandler
                0x000000000800406c                I2C1_ER_IRQHandler
                0x000000000800406c                DMA2_Stream6_IRQHandler
                0x000000000800406c                RTC_Alarm_IRQHandler
 *fill*         0x000000000800406e        0x2 
 .text.HAL_Init
                0x0000000008004070       0x44 ./Drivers/STM32F4xx_HAL_Driver/Src/stm32f4xx_hal.o
                0x0000000008004070                HAL_Init
 .text.HAL_InitTick
                0x00000000080040b4       0x60 ./Drivers/STM32F4xx_HAL_Driver/Src/stm32f4xx_hal.o
                0x00000000080040b4                HAL_InitTick
 .text.HAL_IncTick
                0x0000000008004114       0x28 ./Drivers/STM32F4xx_HAL_Driver/Src/stm32f4xx_hal.o
                0x0000000008004114                HAL_IncTick
 .text.HAL_GetTick
                0x000000000800413c       0x18 ./Drivers/STM32F4xx_HAL_Driver/Src/stm32f4xx_hal.o
                0x000000000800413c                HAL_GetTick
 .text.HAL_Delay
                0x0000000008004154       0x48 ./Drivers/STM32F4xx_HAL_Driver/Src/stm32f4xx_hal.o
                0x0000000008004154                HAL_Delay
 .text.HAL_ADC_Init
                0x000000000800419c       0x86 ./Drivers/STM32F4xx_HAL_Driver/Src/stm32f4xx_hal_adc.o
                0x000000000800419c                HAL_ADC_Init
 *fill*         0x0000000008004222        0x2 
 .text.HAL_ADC_ConfigChannel
                0x0000000008004224      0x244 ./Drivers/STM32F4xx_HAL_Driver/Src/stm32f4xx_hal_adc.o
                0x0000000008004224                HAL_ADC_ConfigChannel
 .text.ADC_Init
                0x0000000008004468      0x1f8 ./Drivers/STM32F4xx_HAL_Driver/Src/stm32f4xx_hal_adc.o
 .text.__NVIC_SetPriorityGrouping
                0x0000000008004660       0x48 ./Drivers/STM32F4xx_HAL_Driver/Src/stm32f4xx_hal_cortex.o
 .text.__NVIC_GetPriorityGrouping
                0x00000000080046a8       0x1c ./Drivers/STM32F4xx_HAL_Driver/Src/stm32f4xx_hal_cortex.o
 .text.__NVIC_EnableIRQ
                0x00000000080046c4       0x3c ./Drivers/STM32F4xx_HAL_Driver/Src/stm32f4xx_hal_cortex.o
 .text.__NVIC_SetPriority
                0x0000000008004700       0x54 ./Drivers/STM32F4xx_HAL_Driver/Src/stm32f4xx_hal_cortex.o
 .text.NVIC_EncodePriority
                0x0000000008004754       0x66 ./Drivers/STM32F4xx_HAL_Driver/Src/stm32f4xx_hal_cortex.o
 *fill*         0x00000000080047ba        0x2 
 .text.SysTick_Config
                0x00000000080047bc       0x44 ./Drivers/STM32F4xx_HAL_Driver/Src/stm32f4xx_hal_cortex.o
 .text.HAL_NVIC_SetPriorityGrouping
                0x0000000008004800       0x16 ./Drivers/STM32F4xx_HAL_Driver/Src/stm32f4xx_hal_cortex.o
                0x0000000008004800                HAL_NVIC_SetPriorityGrouping
 .text.HAL_NVIC_SetPriority
                0x0000000008004816       0x38 ./Drivers/STM32F4xx_HAL_Driver/Src/stm32f4xx_hal_cortex.o
                0x0000000008004816                HAL_NVIC_SetPriority
 .text.HAL_NVIC_EnableIRQ
                0x000000000800484e       0x1c ./Drivers/STM32F4xx_HAL_Driver/Src/stm32f4xx_hal_cortex.o
                0x000000000800484e                HAL_NVIC_EnableIRQ
 .text.HAL_SYSTICK_Config
                0x000000000800486a       0x18 ./Drivers/STM32F4xx_HAL_Driver/Src/stm32f4xx_hal_cortex.o
                0x000000000800486a                HAL_SYSTICK_Config
 *fill*         0x0000000008004882        0x2 
 .text.HAL_DMA_Init
                0x0000000008004884      0x15c ./Drivers/STM32F4xx_HAL_Driver/Src/stm32f4xx_hal_dma.o
                0x0000000008004884                HAL_DMA_Init
 .text.HAL_DMA_IRQHandler
                0x00000000080049e0      0x314 ./Drivers/STM32F4xx_HAL_Driver/Src/stm32f4xx_hal_dma.o
                0x00000000080049e0                HAL_DMA_IRQHandler
 .text.DMA_CalcBaseAndBitshift
                0x0000000008004cf4       0x6c ./Drivers/STM32F4xx_HAL_Driver/Src/stm32f4xx_hal_dma.o
 .text.DMA_CheckFifoParam
                0x0000000008004d60       0xf8 ./Drivers/STM32F4xx_HAL_Driver/Src/stm32f4xx_hal_dma.o
 .text.HAL_GPIO_Init
                0x0000000008004e58      0x338 ./Drivers/STM32F4xx_HAL_Driver/Src/stm32f4xx_hal_gpio.o
                0x0000000008004e58                HAL_GPIO_Init
 .text.HAL_GPIO_ReadPin
                0x0000000008005190       0x30 ./Drivers/STM32F4xx_HAL_Driver/Src/stm32f4xx_hal_gpio.o
                0x0000000008005190                HAL_GPIO_ReadPin
 .text.HAL_GPIO_WritePin
                0x00000000080051c0       0x32 ./Drivers/STM32F4xx_HAL_Driver/Src/stm32f4xx_hal_gpio.o
                0x00000000080051c0                HAL_GPIO_WritePin
 *fill*         0x00000000080051f2        0x2 
 .text.HAL_I2C_Init
                0x00000000080051f4      0x288 ./Drivers/STM32F4xx_HAL_Driver/Src/stm32f4xx_hal_i2c.o
                0x00000000080051f4                HAL_I2C_Init
 .text.HAL_I2C_Mem_Write
                0x000000000800547c      0x1f4 ./Drivers/STM32F4xx_HAL_Driver/Src/stm32f4xx_hal_i2c.o
                0x000000000800547c                HAL_I2C_Mem_Write
 .text.HAL_I2C_Mem_Read
                0x0000000008005670      0x44c ./Drivers/STM32F4xx_HAL_Driver/Src/stm32f4xx_hal_i2c.o
                0x0000000008005670                HAL_I2C_Mem_Read
 .text.I2C_RequestMemoryWrite
                0x0000000008005abc      0x12c ./Drivers/STM32F4xx_HAL_Driver/Src/stm32f4xx_hal_i2c.o
 .text.I2C_RequestMemoryRead
                0x0000000008005be8      0x1d0 ./Drivers/STM32F4xx_HAL_Driver/Src/stm32f4xx_hal_i2c.o
 .text.I2C_WaitOnFlagUntilTimeout
                0x0000000008005db8       0xae ./Drivers/STM32F4xx_HAL_Driver/Src/stm32f4xx_hal_i2c.o
 .text.I2C_WaitOnMasterAddressFlagUntilTimeout
                0x0000000008005e66       0xfe ./Drivers/STM32F4xx_HAL_Driver/Src/stm32f4xx_hal_i2c.o
 .text.I2C_WaitOnTXEFlagUntilTimeout
                0x0000000008005f64       0x82 ./Drivers/STM32F4xx_HAL_Driver/Src/stm32f4xx_hal_i2c.o
 .text.I2C_WaitOnBTFFlagUntilTimeout
                0x0000000008005fe6       0x82 ./Drivers/STM32F4xx_HAL_Driver/Src/stm32f4xx_hal_i2c.o
 .text.I2C_WaitOnRXNEFlagUntilTimeout
                0x0000000008006068       0xac ./Drivers/STM32F4xx_HAL_Driver/Src/stm32f4xx_hal_i2c.o
 .text.I2C_IsAcknowledgeFailed
                0x0000000008006114       0x5e ./Drivers/STM32F4xx_HAL_Driver/Src/stm32f4xx_hal_i2c.o
 *fill*         0x0000000008006172        0x2 
 .text.HAL_RCC_OscConfig
                0x0000000008006174      0x4f0 ./Drivers/STM32F4xx_HAL_Driver/Src/stm32f4xx_hal_rcc.o
                0x0000000008006174                HAL_RCC_OscConfig
 .text.HAL_RCC_ClockConfig
                0x0000000008006664      0x1cc ./Drivers/STM32F4xx_HAL_Driver/Src/stm32f4xx_hal_rcc.o
                0x0000000008006664                HAL_RCC_ClockConfig
 .text.HAL_RCC_GetSysClockFreq
                0x0000000008006830      0x1c4 ./Drivers/STM32F4xx_HAL_Driver/Src/stm32f4xx_hal_rcc.o
                0x0000000008006830                HAL_RCC_GetSysClockFreq
 .text.HAL_RCC_GetHCLKFreq
                0x00000000080069f4       0x18 ./Drivers/STM32F4xx_HAL_Driver/Src/stm32f4xx_hal_rcc.o
                0x00000000080069f4                HAL_RCC_GetHCLKFreq
 .text.HAL_RCC_GetPCLK1Freq
                0x0000000008006a0c       0x28 ./Drivers/STM32F4xx_HAL_Driver/Src/stm32f4xx_hal_rcc.o
                0x0000000008006a0c                HAL_RCC_GetPCLK1Freq
 .text.HAL_SPI_Init
                0x0000000008006a34      0x112 ./Drivers/STM32F4xx_HAL_Driver/Src/stm32f4xx_hal_spi.o
                0x0000000008006a34                HAL_SPI_Init
 .text.HAL_SPI_Transmit
                0x0000000008006b46      0x278 ./Drivers/STM32F4xx_HAL_Driver/Src/stm32f4xx_hal_spi.o
                0x0000000008006b46                HAL_SPI_Transmit
 *fill*         0x0000000008006dbe        0x2 
 .text.SPI_WaitFlagStateUntilTimeout
                0x0000000008006dc0      0x110 ./Drivers/STM32F4xx_HAL_Driver/Src/stm32f4xx_hal_spi.o
 .text.SPI_EndRxTxTransaction
                0x0000000008006ed0       0x84 ./Drivers/STM32F4xx_HAL_Driver/Src/stm32f4xx_hal_spi.o
 .text.HAL_SRAM_Init
                0x0000000008006f54       0x88 ./Drivers/STM32F4xx_HAL_Driver/Src/stm32f4xx_hal_sram.o
                0x0000000008006f54                HAL_SRAM_Init
 .text.HAL_TIM_Base_Init
                0x0000000008006fdc       0x9e ./Drivers/STM32F4xx_HAL_Driver/Src/stm32f4xx_hal_tim.o
                0x0000000008006fdc                HAL_TIM_Base_Init
 *fill*         0x000000000800707a        0x2 
 .text.HAL_TIM_Base_Start
                0x000000000800707c       0xd0 ./Drivers/STM32F4xx_HAL_Driver/Src/stm32f4xx_hal_tim.o
                0x000000000800707c                HAL_TIM_Base_Start
 .text.HAL_TIM_Base_Start_IT
                0x000000000800714c       0xe0 ./Drivers/STM32F4xx_HAL_Driver/Src/stm32f4xx_hal_tim.o
                0x000000000800714c                HAL_TIM_Base_Start_IT
 .text.HAL_TIM_PWM_Init
                0x000000000800722c       0x9e ./Drivers/STM32F4xx_HAL_Driver/Src/stm32f4xx_hal_tim.o
                0x000000000800722c                HAL_TIM_PWM_Init
 .text.HAL_TIM_PWM_MspInit
                0x00000000080072ca       0x14 ./Drivers/STM32F4xx_HAL_Driver/Src/stm32f4xx_hal_tim.o
                0x00000000080072ca                HAL_TIM_PWM_MspInit
 .text.HAL_TIM_IRQHandler
                0x00000000080072de      0x210 ./Drivers/STM32F4xx_HAL_Driver/Src/stm32f4xx_hal_tim.o
                0x00000000080072de                HAL_TIM_IRQHandler
 *fill*         0x00000000080074ee        0x2 
 .text.HAL_TIM_PWM_ConfigChannel
                0x00000000080074f0      0x184 ./Drivers/STM32F4xx_HAL_Driver/Src/stm32f4xx_hal_tim.o
                0x00000000080074f0                HAL_TIM_PWM_ConfigChannel
 .text.HAL_TIM_ConfigClockSource
                0x0000000008007674      0x18e ./Drivers/STM32F4xx_HAL_Driver/Src/stm32f4xx_hal_tim.o
                0x0000000008007674                HAL_TIM_ConfigClockSource
 .text.HAL_TIM_OC_DelayElapsedCallback
                0x0000000008007802       0x14 ./Drivers/STM32F4xx_HAL_Driver/Src/stm32f4xx_hal_tim.o
                0x0000000008007802                HAL_TIM_OC_DelayElapsedCallback
 .text.HAL_TIM_IC_CaptureCallback
                0x0000000008007816       0x14 ./Drivers/STM32F4xx_HAL_Driver/Src/stm32f4xx_hal_tim.o
                0x0000000008007816                HAL_TIM_IC_CaptureCallback
 .text.HAL_TIM_PWM_PulseFinishedCallback
                0x000000000800782a       0x14 ./Drivers/STM32F4xx_HAL_Driver/Src/stm32f4xx_hal_tim.o
                0x000000000800782a                HAL_TIM_PWM_PulseFinishedCallback
 .text.HAL_TIM_TriggerCallback
                0x000000000800783e       0x14 ./Drivers/STM32F4xx_HAL_Driver/Src/stm32f4xx_hal_tim.o
                0x000000000800783e                HAL_TIM_TriggerCallback
 *fill*         0x0000000008007852        0x2 
 .text.TIM_Base_SetConfig
                0x0000000008007854      0x140 ./Drivers/STM32F4xx_HAL_Driver/Src/stm32f4xx_hal_tim.o
                0x0000000008007854                TIM_Base_SetConfig
 .text.TIM_OC1_SetConfig
                0x0000000008007994       0xe0 ./Drivers/STM32F4xx_HAL_Driver/Src/stm32f4xx_hal_tim.o
 .text.TIM_OC2_SetConfig
                0x0000000008007a74       0xec ./Drivers/STM32F4xx_HAL_Driver/Src/stm32f4xx_hal_tim.o
                0x0000000008007a74                TIM_OC2_SetConfig
 .text.TIM_OC3_SetConfig
                0x0000000008007b60       0xe8 ./Drivers/STM32F4xx_HAL_Driver/Src/stm32f4xx_hal_tim.o
 .text.TIM_OC4_SetConfig
                0x0000000008007c48       0xac ./Drivers/STM32F4xx_HAL_Driver/Src/stm32f4xx_hal_tim.o
 .text.TIM_TI1_ConfigInputStage
                0x0000000008007cf4       0x5e ./Drivers/STM32F4xx_HAL_Driver/Src/stm32f4xx_hal_tim.o
 .text.TIM_TI2_ConfigInputStage
                0x0000000008007d52       0x60 ./Drivers/STM32F4xx_HAL_Driver/Src/stm32f4xx_hal_tim.o
 .text.TIM_ITRx_SetConfig
                0x0000000008007db2       0x36 ./Drivers/STM32F4xx_HAL_Driver/Src/stm32f4xx_hal_tim.o
 .text.TIM_ETR_SetConfig
                0x0000000008007de8       0x40 ./Drivers/STM32F4xx_HAL_Driver/Src/stm32f4xx_hal_tim.o
                0x0000000008007de8                TIM_ETR_SetConfig
 .text.HAL_TIMEx_MasterConfigSynchronization
                0x0000000008007e28       0xf8 ./Drivers/STM32F4xx_HAL_Driver/Src/stm32f4xx_hal_tim_ex.o
                0x0000000008007e28                HAL_TIMEx_MasterConfigSynchronization
 .text.HAL_TIMEx_CommutCallback
                0x0000000008007f20       0x14 ./Drivers/STM32F4xx_HAL_Driver/Src/stm32f4xx_hal_tim_ex.o
                0x0000000008007f20                HAL_TIMEx_CommutCallback
 .text.HAL_TIMEx_BreakCallback
                0x0000000008007f34       0x14 ./Drivers/STM32F4xx_HAL_Driver/Src/stm32f4xx_hal_tim_ex.o
                0x0000000008007f34                HAL_TIMEx_BreakCallback
 .text.FSMC_NORSRAM_Init
                0x0000000008007f48       0xa4 ./Drivers/STM32F4xx_HAL_Driver/Src/stm32f4xx_ll_fsmc.o
                0x0000000008007f48                FSMC_NORSRAM_Init
 .text.FSMC_NORSRAM_Timing_Init
                0x0000000008007fec       0x7a ./Drivers/STM32F4xx_HAL_Driver/Src/stm32f4xx_ll_fsmc.o
                0x0000000008007fec                FSMC_NORSRAM_Timing_Init
 *fill*         0x0000000008008066        0x2 
 .text.FSMC_NORSRAM_Extended_Timing_Init
                0x0000000008008068       0x80 ./Drivers/STM32F4xx_HAL_Driver/Src/stm32f4xx_ll_fsmc.o
                0x0000000008008068                FSMC_NORSRAM_Extended_Timing_Init
 .text.__errno  0x00000000080080e8        0xc /Applications/STM32CubeIDE.app/Contents/Eclipse/plugins/com.st.stm32cube.ide.mcu.externaltools.gnu-tools-for-stm32.9-2020-q2-update.macos64_2.0.0.202105311346/tools/bin/../lib/gcc/arm-none-eabi/9.3.1/../../../../arm-none-eabi/lib/thumb/v7e-m+fp/hard/libc_nano.a(lib_a-errno.o)
                0x00000000080080e8                __errno
 .text.__libc_init_array
                0x00000000080080f4       0x48 /Applications/STM32CubeIDE.app/Contents/Eclipse/plugins/com.st.stm32cube.ide.mcu.externaltools.gnu-tools-for-stm32.9-2020-q2-update.macos64_2.0.0.202105311346/tools/bin/../lib/gcc/arm-none-eabi/9.3.1/../../../../arm-none-eabi/lib/thumb/v7e-m+fp/hard/libc_nano.a(lib_a-init.o)
                0x00000000080080f4                __libc_init_array
 .text.memset   0x000000000800813c       0x10 /Applications/STM32CubeIDE.app/Contents/Eclipse/plugins/com.st.stm32cube.ide.mcu.externaltools.gnu-tools-for-stm32.9-2020-q2-update.macos64_2.0.0.202105311346/tools/bin/../lib/gcc/arm-none-eabi/9.3.1/../../../../arm-none-eabi/lib/thumb/v7e-m+fp/hard/libc_nano.a(lib_a-memset.o)
                0x000000000800813c                memset
 .text.rand     0x000000000800814c       0x80 /Applications/STM32CubeIDE.app/Contents/Eclipse/plugins/com.st.stm32cube.ide.mcu.externaltools.gnu-tools-for-stm32.9-2020-q2-update.macos64_2.0.0.202105311346/tools/bin/../lib/gcc/arm-none-eabi/9.3.1/../../../../arm-none-eabi/lib/thumb/v7e-m+fp/hard/libc_nano.a(lib_a-rand.o)
                0x000000000800814c                rand
 .text.__assert_func
                0x00000000080081cc       0x3c /Applications/STM32CubeIDE.app/Contents/Eclipse/plugins/com.st.stm32cube.ide.mcu.externaltools.gnu-tools-for-stm32.9-2020-q2-update.macos64_2.0.0.202105311346/tools/bin/../lib/gcc/arm-none-eabi/9.3.1/../../../../arm-none-eabi/lib/thumb/v7e-m+fp/hard/libc_nano.a(lib_a-assert.o)
                0x00000000080081cc                __assert_func
 .text.fprintf  0x0000000008008208       0x24 /Applications/STM32CubeIDE.app/Contents/Eclipse/plugins/com.st.stm32cube.ide.mcu.externaltools.gnu-tools-for-stm32.9-2020-q2-update.macos64_2.0.0.202105311346/tools/bin/../lib/gcc/arm-none-eabi/9.3.1/../../../../arm-none-eabi/lib/thumb/v7e-m+fp/hard/libc_nano.a(lib_a-fprintf.o)
                0x0000000008008208                fprintf
                0x0000000008008208                fiprintf
 .text.malloc   0x000000000800822c       0x10 /Applications/STM32CubeIDE.app/Contents/Eclipse/plugins/com.st.stm32cube.ide.mcu.externaltools.gnu-tools-for-stm32.9-2020-q2-update.macos64_2.0.0.202105311346/tools/bin/../lib/gcc/arm-none-eabi/9.3.1/../../../../arm-none-eabi/lib/thumb/v7e-m+fp/hard/libc_nano.a(lib_a-malloc.o)
                0x000000000800822c                malloc
 .text._free_r  0x000000000800823c       0xa0 /Applications/STM32CubeIDE.app/Contents/Eclipse/plugins/com.st.stm32cube.ide.mcu.externaltools.gnu-tools-for-stm32.9-2020-q2-update.macos64_2.0.0.202105311346/tools/bin/../lib/gcc/arm-none-eabi/9.3.1/../../../../arm-none-eabi/lib/thumb/v7e-m+fp/hard/libc_nano.a(lib_a-nano-freer.o)
                0x000000000800823c                _free_r
 .text._malloc_r
                0x00000000080082dc       0xb4 /Applications/STM32CubeIDE.app/Contents/Eclipse/plugins/com.st.stm32cube.ide.mcu.externaltools.gnu-tools-for-stm32.9-2020-q2-update.macos64_2.0.0.202105311346/tools/bin/../lib/gcc/arm-none-eabi/9.3.1/../../../../arm-none-eabi/lib/thumb/v7e-m+fp/hard/libc_nano.a(lib_a-nano-mallocr.o)
                0x00000000080082dc                _malloc_r
 .text.__sfputc_r
                0x0000000008008390       0x2e /Applications/STM32CubeIDE.app/Contents/Eclipse/plugins/com.st.stm32cube.ide.mcu.externaltools.gnu-tools-for-stm32.9-2020-q2-update.macos64_2.0.0.202105311346/tools/bin/../lib/gcc/arm-none-eabi/9.3.1/../../../../arm-none-eabi/lib/thumb/v7e-m+fp/hard/libc_nano.a(lib_a-nano-vfprintf.o)
 .text.__sfputs_r
                0x00000000080083be       0x24 /Applications/STM32CubeIDE.app/Contents/Eclipse/plugins/com.st.stm32cube.ide.mcu.externaltools.gnu-tools-for-stm32.9-2020-q2-update.macos64_2.0.0.202105311346/tools/bin/../lib/gcc/arm-none-eabi/9.3.1/../../../../arm-none-eabi/lib/thumb/v7e-m+fp/hard/libc_nano.a(lib_a-nano-vfprintf.o)
                0x00000000080083be                __sfputs_r
 *fill*         0x00000000080083e2        0x2 
 .text._vfprintf_r
                0x00000000080083e4      0x260 /Applications/STM32CubeIDE.app/Contents/Eclipse/plugins/com.st.stm32cube.ide.mcu.externaltools.gnu-tools-for-stm32.9-2020-q2-update.macos64_2.0.0.202105311346/tools/bin/../lib/gcc/arm-none-eabi/9.3.1/../../../../arm-none-eabi/lib/thumb/v7e-m+fp/hard/libc_nano.a(lib_a-nano-vfprintf.o)
                0x00000000080083e4                _vfiprintf_r
                0x00000000080083e4                _vfprintf_r
 .text._printf_common
                0x0000000008008644       0xda /Applications/STM32CubeIDE.app/Contents/Eclipse/plugins/com.st.stm32cube.ide.mcu.externaltools.gnu-tools-for-stm32.9-2020-q2-update.macos64_2.0.0.202105311346/tools/bin/../lib/gcc/arm-none-eabi/9.3.1/../../../../arm-none-eabi/lib/thumb/v7e-m+fp/hard/libc_nano.a(lib_a-nano-vfprintf_i.o)
                0x0000000008008644                _printf_common
 *fill*         0x000000000800871e        0x2 
 .text._printf_i
                0x0000000008008720      0x24c /Applications/STM32CubeIDE.app/Contents/Eclipse/plugins/com.st.stm32cube.ide.mcu.externaltools.gnu-tools-for-stm32.9-2020-q2-update.macos64_2.0.0.202105311346/tools/bin/../lib/gcc/arm-none-eabi/9.3.1/../../../../arm-none-eabi/lib/thumb/v7e-m+fp/hard/libc_nano.a(lib_a-nano-vfprintf_i.o)
                0x0000000008008720                _printf_i
 .text._sbrk_r  0x000000000800896c       0x20 /Applications/STM32CubeIDE.app/Contents/Eclipse/plugins/com.st.stm32cube.ide.mcu.externaltools.gnu-tools-for-stm32.9-2020-q2-update.macos64_2.0.0.202105311346/tools/bin/../lib/gcc/arm-none-eabi/9.3.1/../../../../arm-none-eabi/lib/thumb/v7e-m+fp/hard/libc_nano.a(lib_a-sbrkr.o)
                0x000000000800896c                _sbrk_r
 .text.__swbuf_r
                0x000000000800898c       0xa4 /Applications/STM32CubeIDE.app/Contents/Eclipse/plugins/com.st.stm32cube.ide.mcu.externaltools.gnu-tools-for-stm32.9-2020-q2-update.macos64_2.0.0.202105311346/tools/bin/../lib/gcc/arm-none-eabi/9.3.1/../../../../arm-none-eabi/lib/thumb/v7e-m+fp/hard/libc_nano.a(lib_a-wbuf.o)
                0x000000000800898c                __swbuf_r
 .text.__swsetup_r
                0x0000000008008a30       0xdc /Applications/STM32CubeIDE.app/Contents/Eclipse/plugins/com.st.stm32cube.ide.mcu.externaltools.gnu-tools-for-stm32.9-2020-q2-update.macos64_2.0.0.202105311346/tools/bin/../lib/gcc/arm-none-eabi/9.3.1/../../../../arm-none-eabi/lib/thumb/v7e-m+fp/hard/libc_nano.a(lib_a-wsetup.o)
                0x0000000008008a30                __swsetup_r
 .text.abort    0x0000000008008b0c        0xe /Applications/STM32CubeIDE.app/Contents/Eclipse/plugins/com.st.stm32cube.ide.mcu.externaltools.gnu-tools-for-stm32.9-2020-q2-update.macos64_2.0.0.202105311346/tools/bin/../lib/gcc/arm-none-eabi/9.3.1/../../../../arm-none-eabi/lib/thumb/v7e-m+fp/hard/libc_nano.a(lib_a-abort.o)
                0x0000000008008b0c                abort
 *fill*         0x0000000008008b1a        0x2 
 .text.__sflush_r
                0x0000000008008b1c      0x10c /Applications/STM32CubeIDE.app/Contents/Eclipse/plugins/com.st.stm32cube.ide.mcu.externaltools.gnu-tools-for-stm32.9-2020-q2-update.macos64_2.0.0.202105311346/tools/bin/../lib/gcc/arm-none-eabi/9.3.1/../../../../arm-none-eabi/lib/thumb/v7e-m+fp/hard/libc_nano.a(lib_a-fflush.o)
                0x0000000008008b1c                __sflush_r
 .text._fflush_r
                0x0000000008008c28       0x78 /Applications/STM32CubeIDE.app/Contents/Eclipse/plugins/com.st.stm32cube.ide.mcu.externaltools.gnu-tools-for-stm32.9-2020-q2-update.macos64_2.0.0.202105311346/tools/bin/../lib/gcc/arm-none-eabi/9.3.1/../../../../arm-none-eabi/lib/thumb/v7e-m+fp/hard/libc_nano.a(lib_a-fflush.o)
                0x0000000008008c28                _fflush_r
 .text.std      0x0000000008008ca0       0x48 /Applications/STM32CubeIDE.app/Contents/Eclipse/plugins/com.st.stm32cube.ide.mcu.externaltools.gnu-tools-for-stm32.9-2020-q2-update.macos64_2.0.0.202105311346/tools/bin/../lib/gcc/arm-none-eabi/9.3.1/../../../../arm-none-eabi/lib/thumb/v7e-m+fp/hard/libc_nano.a(lib_a-findfp.o)
 .text._cleanup_r
                0x0000000008008ce8        0xc /Applications/STM32CubeIDE.app/Contents/Eclipse/plugins/com.st.stm32cube.ide.mcu.externaltools.gnu-tools-for-stm32.9-2020-q2-update.macos64_2.0.0.202105311346/tools/bin/../lib/gcc/arm-none-eabi/9.3.1/../../../../arm-none-eabi/lib/thumb/v7e-m+fp/hard/libc_nano.a(lib_a-findfp.o)
                0x0000000008008ce8                _cleanup_r
 .text.__sfmoreglue
                0x0000000008008cf4       0x2c /Applications/STM32CubeIDE.app/Contents/Eclipse/plugins/com.st.stm32cube.ide.mcu.externaltools.gnu-tools-for-stm32.9-2020-q2-update.macos64_2.0.0.202105311346/tools/bin/../lib/gcc/arm-none-eabi/9.3.1/../../../../arm-none-eabi/lib/thumb/v7e-m+fp/hard/libc_nano.a(lib_a-findfp.o)
                0x0000000008008cf4                __sfmoreglue
 .text.__sfp_lock_acquire
                0x0000000008008d20        0xc /Applications/STM32CubeIDE.app/Contents/Eclipse/plugins/com.st.stm32cube.ide.mcu.externaltools.gnu-tools-for-stm32.9-2020-q2-update.macos64_2.0.0.202105311346/tools/bin/../lib/gcc/arm-none-eabi/9.3.1/../../../../arm-none-eabi/lib/thumb/v7e-m+fp/hard/libc_nano.a(lib_a-findfp.o)
                0x0000000008008d20                __sfp_lock_acquire
 .text.__sfp_lock_release
                0x0000000008008d2c        0xc /Applications/STM32CubeIDE.app/Contents/Eclipse/plugins/com.st.stm32cube.ide.mcu.externaltools.gnu-tools-for-stm32.9-2020-q2-update.macos64_2.0.0.202105311346/tools/bin/../lib/gcc/arm-none-eabi/9.3.1/../../../../arm-none-eabi/lib/thumb/v7e-m+fp/hard/libc_nano.a(lib_a-findfp.o)
                0x0000000008008d2c                __sfp_lock_release
 .text.__sinit_lock_acquire
                0x0000000008008d38        0xc /Applications/STM32CubeIDE.app/Contents/Eclipse/plugins/com.st.stm32cube.ide.mcu.externaltools.gnu-tools-for-stm32.9-2020-q2-update.macos64_2.0.0.202105311346/tools/bin/../lib/gcc/arm-none-eabi/9.3.1/../../../../arm-none-eabi/lib/thumb/v7e-m+fp/hard/libc_nano.a(lib_a-findfp.o)
                0x0000000008008d38                __sinit_lock_acquire
 .text.__sinit_lock_release
                0x0000000008008d44        0xc /Applications/STM32CubeIDE.app/Contents/Eclipse/plugins/com.st.stm32cube.ide.mcu.externaltools.gnu-tools-for-stm32.9-2020-q2-update.macos64_2.0.0.202105311346/tools/bin/../lib/gcc/arm-none-eabi/9.3.1/../../../../arm-none-eabi/lib/thumb/v7e-m+fp/hard/libc_nano.a(lib_a-findfp.o)
                0x0000000008008d44                __sinit_lock_release
 .text.__sinit  0x0000000008008d50       0x70 /Applications/STM32CubeIDE.app/Contents/Eclipse/plugins/com.st.stm32cube.ide.mcu.externaltools.gnu-tools-for-stm32.9-2020-q2-update.macos64_2.0.0.202105311346/tools/bin/../lib/gcc/arm-none-eabi/9.3.1/../../../../arm-none-eabi/lib/thumb/v7e-m+fp/hard/libc_nano.a(lib_a-findfp.o)
                0x0000000008008d50                __sinit
 .text.__sfp    0x0000000008008dc0       0x8c /Applications/STM32CubeIDE.app/Contents/Eclipse/plugins/com.st.stm32cube.ide.mcu.externaltools.gnu-tools-for-stm32.9-2020-q2-update.macos64_2.0.0.202105311346/tools/bin/../lib/gcc/arm-none-eabi/9.3.1/../../../../arm-none-eabi/lib/thumb/v7e-m+fp/hard/libc_nano.a(lib_a-findfp.o)
                0x0000000008008dc0                __sfp
 .text._fwalk_reent
                0x0000000008008e4c       0x3e /Applications/STM32CubeIDE.app/Contents/Eclipse/plugins/com.st.stm32cube.ide.mcu.externaltools.gnu-tools-for-stm32.9-2020-q2-update.macos64_2.0.0.202105311346/tools/bin/../lib/gcc/arm-none-eabi/9.3.1/../../../../arm-none-eabi/lib/thumb/v7e-m+fp/hard/libc_nano.a(lib_a-fwalk.o)
                0x0000000008008e4c                _fwalk_reent
 .text.__retarget_lock_init_recursive
                0x0000000008008e8a        0x2 /Applications/STM32CubeIDE.app/Contents/Eclipse/plugins/com.st.stm32cube.ide.mcu.externaltools.gnu-tools-for-stm32.9-2020-q2-update.macos64_2.0.0.202105311346/tools/bin/../lib/gcc/arm-none-eabi/9.3.1/../../../../arm-none-eabi/lib/thumb/v7e-m+fp/hard/libc_nano.a(lib_a-lock.o)
                0x0000000008008e8a                __retarget_lock_init_recursive
 .text.__retarget_lock_acquire_recursive
                0x0000000008008e8c        0x2 /Applications/STM32CubeIDE.app/Contents/Eclipse/plugins/com.st.stm32cube.ide.mcu.externaltools.gnu-tools-for-stm32.9-2020-q2-update.macos64_2.0.0.202105311346/tools/bin/../lib/gcc/arm-none-eabi/9.3.1/../../../../arm-none-eabi/lib/thumb/v7e-m+fp/hard/libc_nano.a(lib_a-lock.o)
                0x0000000008008e8c                __retarget_lock_acquire_recursive
 .text.__retarget_lock_release_recursive
                0x0000000008008e8e        0x2 /Applications/STM32CubeIDE.app/Contents/Eclipse/plugins/com.st.stm32cube.ide.mcu.externaltools.gnu-tools-for-stm32.9-2020-q2-update.macos64_2.0.0.202105311346/tools/bin/../lib/gcc/arm-none-eabi/9.3.1/../../../../arm-none-eabi/lib/thumb/v7e-m+fp/hard/libc_nano.a(lib_a-lock.o)
                0x0000000008008e8e                __retarget_lock_release_recursive
 .text.__swhatbuf_r
                0x0000000008008e90       0x48 /Applications/STM32CubeIDE.app/Contents/Eclipse/plugins/com.st.stm32cube.ide.mcu.externaltools.gnu-tools-for-stm32.9-2020-q2-update.macos64_2.0.0.202105311346/tools/bin/../lib/gcc/arm-none-eabi/9.3.1/../../../../arm-none-eabi/lib/thumb/v7e-m+fp/hard/libc_nano.a(lib_a-makebuf.o)
                0x0000000008008e90                __swhatbuf_r
 .text.__smakebuf_r
                0x0000000008008ed8       0x80 /Applications/STM32CubeIDE.app/Contents/Eclipse/plugins/com.st.stm32cube.ide.mcu.externaltools.gnu-tools-for-stm32.9-2020-q2-update.macos64_2.0.0.202105311346/tools/bin/../lib/gcc/arm-none-eabi/9.3.1/../../../../arm-none-eabi/lib/thumb/v7e-m+fp/hard/libc_nano.a(lib_a-makebuf.o)
                0x0000000008008ed8                __smakebuf_r
 .text.__malloc_lock
                0x0000000008008f58        0xc /Applications/STM32CubeIDE.app/Contents/Eclipse/plugins/com.st.stm32cube.ide.mcu.externaltools.gnu-tools-for-stm32.9-2020-q2-update.macos64_2.0.0.202105311346/tools/bin/../lib/gcc/arm-none-eabi/9.3.1/../../../../arm-none-eabi/lib/thumb/v7e-m+fp/hard/libc_nano.a(lib_a-mlock.o)
                0x0000000008008f58                __malloc_lock
 .text.__malloc_unlock
                0x0000000008008f64        0xc /Applications/STM32CubeIDE.app/Contents/Eclipse/plugins/com.st.stm32cube.ide.mcu.externaltools.gnu-tools-for-stm32.9-2020-q2-update.macos64_2.0.0.202105311346/tools/bin/../lib/gcc/arm-none-eabi/9.3.1/../../../../arm-none-eabi/lib/thumb/v7e-m+fp/hard/libc_nano.a(lib_a-mlock.o)
                0x0000000008008f64                __malloc_unlock
 .text._raise_r
                0x0000000008008f70       0x50 /Applications/STM32CubeIDE.app/Contents/Eclipse/plugins/com.st.stm32cube.ide.mcu.externaltools.gnu-tools-for-stm32.9-2020-q2-update.macos64_2.0.0.202105311346/tools/bin/../lib/gcc/arm-none-eabi/9.3.1/../../../../arm-none-eabi/lib/thumb/v7e-m+fp/hard/libc_nano.a(lib_a-signal.o)
                0x0000000008008f70                _raise_r
 .text.raise    0x0000000008008fc0       0x10 /Applications/STM32CubeIDE.app/Contents/Eclipse/plugins/com.st.stm32cube.ide.mcu.externaltools.gnu-tools-for-stm32.9-2020-q2-update.macos64_2.0.0.202105311346/tools/bin/../lib/gcc/arm-none-eabi/9.3.1/../../../../arm-none-eabi/lib/thumb/v7e-m+fp/hard/libc_nano.a(lib_a-signal.o)
                0x0000000008008fc0                raise
 .text._kill_r  0x0000000008008fd0       0x24 /Applications/STM32CubeIDE.app/Contents/Eclipse/plugins/com.st.stm32cube.ide.mcu.externaltools.gnu-tools-for-stm32.9-2020-q2-update.macos64_2.0.0.202105311346/tools/bin/../lib/gcc/arm-none-eabi/9.3.1/../../../../arm-none-eabi/lib/thumb/v7e-m+fp/hard/libc_nano.a(lib_a-signalr.o)
                0x0000000008008fd0                _kill_r
 .text._getpid_r
                0x0000000008008ff4        0x4 /Applications/STM32CubeIDE.app/Contents/Eclipse/plugins/com.st.stm32cube.ide.mcu.externaltools.gnu-tools-for-stm32.9-2020-q2-update.macos64_2.0.0.202105311346/tools/bin/../lib/gcc/arm-none-eabi/9.3.1/../../../../arm-none-eabi/lib/thumb/v7e-m+fp/hard/libc_nano.a(lib_a-signalr.o)
                0x0000000008008ff4                _getpid_r
 .text.__sread  0x0000000008008ff8       0x22 /Applications/STM32CubeIDE.app/Contents/Eclipse/plugins/com.st.stm32cube.ide.mcu.externaltools.gnu-tools-for-stm32.9-2020-q2-update.macos64_2.0.0.202105311346/tools/bin/../lib/gcc/arm-none-eabi/9.3.1/../../../../arm-none-eabi/lib/thumb/v7e-m+fp/hard/libc_nano.a(lib_a-stdio.o)
                0x0000000008008ff8                __sread
 .text.__swrite
                0x000000000800901a       0x38 /Applications/STM32CubeIDE.app/Contents/Eclipse/plugins/com.st.stm32cube.ide.mcu.externaltools.gnu-tools-for-stm32.9-2020-q2-update.macos64_2.0.0.202105311346/tools/bin/../lib/gcc/arm-none-eabi/9.3.1/../../../../arm-none-eabi/lib/thumb/v7e-m+fp/hard/libc_nano.a(lib_a-stdio.o)
                0x000000000800901a                __swrite
 .text.__sseek  0x0000000008009052       0x24 /Applications/STM32CubeIDE.app/Contents/Eclipse/plugins/com.st.stm32cube.ide.mcu.externaltools.gnu-tools-for-stm32.9-2020-q2-update.macos64_2.0.0.202105311346/tools/bin/../lib/gcc/arm-none-eabi/9.3.1/../../../../arm-none-eabi/lib/thumb/v7e-m+fp/hard/libc_nano.a(lib_a-stdio.o)
                0x0000000008009052                __sseek
 .text.__sclose
                0x0000000008009076        0x8 /Applications/STM32CubeIDE.app/Contents/Eclipse/plugins/com.st.stm32cube.ide.mcu.externaltools.gnu-tools-for-stm32.9-2020-q2-update.macos64_2.0.0.202105311346/tools/bin/../lib/gcc/arm-none-eabi/9.3.1/../../../../arm-none-eabi/lib/thumb/v7e-m+fp/hard/libc_nano.a(lib_a-stdio.o)
                0x0000000008009076                __sclose
 *fill*         0x000000000800907e        0x2 
 .text._write_r
                0x0000000008009080       0x24 /Applications/STM32CubeIDE.app/Contents/Eclipse/plugins/com.st.stm32cube.ide.mcu.externaltools.gnu-tools-for-stm32.9-2020-q2-update.macos64_2.0.0.202105311346/tools/bin/../lib/gcc/arm-none-eabi/9.3.1/../../../../arm-none-eabi/lib/thumb/v7e-m+fp/hard/libc_nano.a(lib_a-writer.o)
                0x0000000008009080                _write_r
 .text._close_r
                0x00000000080090a4       0x20 /Applications/STM32CubeIDE.app/Contents/Eclipse/plugins/com.st.stm32cube.ide.mcu.externaltools.gnu-tools-for-stm32.9-2020-q2-update.macos64_2.0.0.202105311346/tools/bin/../lib/gcc/arm-none-eabi/9.3.1/../../../../arm-none-eabi/lib/thumb/v7e-m+fp/hard/libc_nano.a(lib_a-closer.o)
                0x00000000080090a4                _close_r
 .text._fstat_r
                0x00000000080090c4       0x24 /Applications/STM32CubeIDE.app/Contents/Eclipse/plugins/com.st.stm32cube.ide.mcu.externaltools.gnu-tools-for-stm32.9-2020-q2-update.macos64_2.0.0.202105311346/tools/bin/../lib/gcc/arm-none-eabi/9.3.1/../../../../arm-none-eabi/lib/thumb/v7e-m+fp/hard/libc_nano.a(lib_a-fstatr.o)
                0x00000000080090c4                _fstat_r
 .text._isatty_r
                0x00000000080090e8       0x20 /Applications/STM32CubeIDE.app/Contents/Eclipse/plugins/com.st.stm32cube.ide.mcu.externaltools.gnu-tools-for-stm32.9-2020-q2-update.macos64_2.0.0.202105311346/tools/bin/../lib/gcc/arm-none-eabi/9.3.1/../../../../arm-none-eabi/lib/thumb/v7e-m+fp/hard/libc_nano.a(lib_a-isattyr.o)
                0x00000000080090e8                _isatty_r
 .text._lseek_r
                0x0000000008009108       0x24 /Applications/STM32CubeIDE.app/Contents/Eclipse/plugins/com.st.stm32cube.ide.mcu.externaltools.gnu-tools-for-stm32.9-2020-q2-update.macos64_2.0.0.202105311346/tools/bin/../lib/gcc/arm-none-eabi/9.3.1/../../../../arm-none-eabi/lib/thumb/v7e-m+fp/hard/libc_nano.a(lib_a-lseekr.o)
                0x0000000008009108                _lseek_r
 .text._read_r  0x000000000800912c       0x24 /Applications/STM32CubeIDE.app/Contents/Eclipse/plugins/com.st.stm32cube.ide.mcu.externaltools.gnu-tools-for-stm32.9-2020-q2-update.macos64_2.0.0.202105311346/tools/bin/../lib/gcc/arm-none-eabi/9.3.1/../../../../arm-none-eabi/lib/thumb/v7e-m+fp/hard/libc_nano.a(lib_a-readr.o)
                0x000000000800912c                _read_r
 .text.sqrt     0x0000000008009150       0x68 /Applications/STM32CubeIDE.app/Contents/Eclipse/plugins/com.st.stm32cube.ide.mcu.externaltools.gnu-tools-for-stm32.9-2020-q2-update.macos64_2.0.0.202105311346/tools/bin/../lib/gcc/arm-none-eabi/9.3.1/../../../../arm-none-eabi/lib/thumb/v7e-m+fp/hard/libm.a(lib_a-w_sqrt.o)
                0x0000000008009150                sqrt
 .text.__ieee754_sqrt
                0x00000000080091b8      0x168 /Applications/STM32CubeIDE.app/Contents/Eclipse/plugins/com.st.stm32cube.ide.mcu.externaltools.gnu-tools-for-stm32.9-2020-q2-update.macos64_2.0.0.202105311346/tools/bin/../lib/gcc/arm-none-eabi/9.3.1/../../../../arm-none-eabi/lib/thumb/v7e-m+fp/hard/libm.a(lib_a-e_sqrt.o)
                0x00000000080091b8                __ieee754_sqrt
 *(.glue_7)
 .glue_7        0x0000000008009320        0x0 linker stubs
 *(.glue_7t)
 .glue_7t       0x0000000008009320        0x0 linker stubs
 *(.eh_frame)
 .eh_frame      0x0000000008009320        0x0 /Applications/STM32CubeIDE.app/Contents/Eclipse/plugins/com.st.stm32cube.ide.mcu.externaltools.gnu-tools-for-stm32.9-2020-q2-update.macos64_2.0.0.202105311346/tools/bin/../lib/gcc/arm-none-eabi/9.3.1/thumb/v7e-m+fp/hard/crtbegin.o
 *(.init)
 .init          0x0000000008009320        0x4 /Applications/STM32CubeIDE.app/Contents/Eclipse/plugins/com.st.stm32cube.ide.mcu.externaltools.gnu-tools-for-stm32.9-2020-q2-update.macos64_2.0.0.202105311346/tools/bin/../lib/gcc/arm-none-eabi/9.3.1/thumb/v7e-m+fp/hard/crti.o
                0x0000000008009320                _init
 .init          0x0000000008009324        0x8 /Applications/STM32CubeIDE.app/Contents/Eclipse/plugins/com.st.stm32cube.ide.mcu.externaltools.gnu-tools-for-stm32.9-2020-q2-update.macos64_2.0.0.202105311346/tools/bin/../lib/gcc/arm-none-eabi/9.3.1/thumb/v7e-m+fp/hard/crtn.o
 *(.fini)
 .fini          0x000000000800932c        0x4 /Applications/STM32CubeIDE.app/Contents/Eclipse/plugins/com.st.stm32cube.ide.mcu.externaltools.gnu-tools-for-stm32.9-2020-q2-update.macos64_2.0.0.202105311346/tools/bin/../lib/gcc/arm-none-eabi/9.3.1/thumb/v7e-m+fp/hard/crti.o
                0x000000000800932c                _fini
 .fini          0x0000000008009330        0x8 /Applications/STM32CubeIDE.app/Contents/Eclipse/plugins/com.st.stm32cube.ide.mcu.externaltools.gnu-tools-for-stm32.9-2020-q2-update.macos64_2.0.0.202105311346/tools/bin/../lib/gcc/arm-none-eabi/9.3.1/thumb/v7e-m+fp/hard/crtn.o
                0x0000000008009338                . = ALIGN (0x4)
                0x0000000008009338                _etext = .

.vfp11_veneer   0x0000000008009338        0x0
 .vfp11_veneer  0x0000000008009338        0x0 linker stubs

.v4_bx          0x0000000008009338        0x0
 .v4_bx         0x0000000008009338        0x0 linker stubs

.iplt           0x0000000008009338        0x0
 .iplt          0x0000000008009338        0x0 /Applications/STM32CubeIDE.app/Contents/Eclipse/plugins/com.st.stm32cube.ide.mcu.externaltools.gnu-tools-for-stm32.9-2020-q2-update.macos64_2.0.0.202105311346/tools/bin/../lib/gcc/arm-none-eabi/9.3.1/thumb/v7e-m+fp/hard/crtbegin.o

.rodata         0x0000000008009338     0x31e0
                0x0000000008009338                . = ALIGN (0x4)
 *(.rodata)
 .rodata        0x0000000008009338       0x12 ./Core/Src/main.o
 *fill*         0x000000000800934a        0x2 
 .rodata        0x000000000800934c       0xe0 ./Core/Src/touch.o
 *(.rodata*)
 .rodata.ascii_1608
                0x000000000800942c      0x5f0 ./Core/Src/lcd.o
                0x000000000800942c                ascii_1608
 .rodata.ascii_2412
                0x0000000008009a1c     0x11d0 ./Core/Src/lcd.o
                0x0000000008009a1c                ascii_2412
 .rodata.ascii_3216
                0x000000000800abec     0x17c0 ./Core/Src/lcd.o
                0x000000000800abec                ascii_3216
 .rodata.AHBPrescTable
                0x000000000800c3ac       0x10 ./Core/Src/system_stm32f4xx.o
                0x000000000800c3ac                AHBPrescTable
 .rodata.APBPrescTable
                0x000000000800c3bc        0x8 ./Core/Src/system_stm32f4xx.o
                0x000000000800c3bc                APBPrescTable
 .rodata.flagBitshiftOffset.9221
                0x000000000800c3c4        0x8 ./Drivers/STM32F4xx_HAL_Driver/Src/stm32f4xx_hal_dma.o
 .rodata._global_impure_ptr
                0x000000000800c3cc        0x4 /Applications/STM32CubeIDE.app/Contents/Eclipse/plugins/com.st.stm32cube.ide.mcu.externaltools.gnu-tools-for-stm32.9-2020-q2-update.macos64_2.0.0.202105311346/tools/bin/../lib/gcc/arm-none-eabi/9.3.1/../../../../arm-none-eabi/lib/thumb/v7e-m+fp/hard/libc_nano.a(lib_a-impure.o)
                0x000000000800c3cc                _global_impure_ptr
 .rodata.srand.str1.1
                0x000000000800c3d0       0x76 /Applications/STM32CubeIDE.app/Contents/Eclipse/plugins/com.st.stm32cube.ide.mcu.externaltools.gnu-tools-for-stm32.9-2020-q2-update.macos64_2.0.0.202105311346/tools/bin/../lib/gcc/arm-none-eabi/9.3.1/../../../../arm-none-eabi/lib/thumb/v7e-m+fp/hard/libc_nano.a(lib_a-rand.o)
 .rodata.__assert_func.str1.1
                0x000000000800c446       0x3c /Applications/STM32CubeIDE.app/Contents/Eclipse/plugins/com.st.stm32cube.ide.mcu.externaltools.gnu-tools-for-stm32.9-2020-q2-update.macos64_2.0.0.202105311346/tools/bin/../lib/gcc/arm-none-eabi/9.3.1/../../../../arm-none-eabi/lib/thumb/v7e-m+fp/hard/libc_nano.a(lib_a-assert.o)
                                         0x3d (size before relaxing)
 .rodata._vfprintf_r.str1.1
                0x000000000800c482       0x11 /Applications/STM32CubeIDE.app/Contents/Eclipse/plugins/com.st.stm32cube.ide.mcu.externaltools.gnu-tools-for-stm32.9-2020-q2-update.macos64_2.0.0.202105311346/tools/bin/../lib/gcc/arm-none-eabi/9.3.1/../../../../arm-none-eabi/lib/thumb/v7e-m+fp/hard/libc_nano.a(lib_a-nano-vfprintf.o)
 .rodata._printf_i.str1.1
                0x000000000800c493       0x22 /Applications/STM32CubeIDE.app/Contents/Eclipse/plugins/com.st.stm32cube.ide.mcu.externaltools.gnu-tools-for-stm32.9-2020-q2-update.macos64_2.0.0.202105311346/tools/bin/../lib/gcc/arm-none-eabi/9.3.1/../../../../arm-none-eabi/lib/thumb/v7e-m+fp/hard/libc_nano.a(lib_a-nano-vfprintf_i.o)
 *fill*         0x000000000800c4b5        0x3 
 .rodata.__sf_fake_stderr
                0x000000000800c4b8       0x20 /Applications/STM32CubeIDE.app/Contents/Eclipse/plugins/com.st.stm32cube.ide.mcu.externaltools.gnu-tools-for-stm32.9-2020-q2-update.macos64_2.0.0.202105311346/tools/bin/../lib/gcc/arm-none-eabi/9.3.1/../../../../arm-none-eabi/lib/thumb/v7e-m+fp/hard/libc_nano.a(lib_a-findfp.o)
                0x000000000800c4b8                __sf_fake_stderr
 .rodata.__sf_fake_stdin
                0x000000000800c4d8       0x20 /Applications/STM32CubeIDE.app/Contents/Eclipse/plugins/com.st.stm32cube.ide.mcu.externaltools.gnu-tools-for-stm32.9-2020-q2-update.macos64_2.0.0.202105311346/tools/bin/../lib/gcc/arm-none-eabi/9.3.1/../../../../arm-none-eabi/lib/thumb/v7e-m+fp/hard/libc_nano.a(lib_a-findfp.o)
                0x000000000800c4d8                __sf_fake_stdin
 .rodata.__sf_fake_stdout
                0x000000000800c4f8       0x20 /Applications/STM32CubeIDE.app/Contents/Eclipse/plugins/com.st.stm32cube.ide.mcu.externaltools.gnu-tools-for-stm32.9-2020-q2-update.macos64_2.0.0.202105311346/tools/bin/../lib/gcc/arm-none-eabi/9.3.1/../../../../arm-none-eabi/lib/thumb/v7e-m+fp/hard/libc_nano.a(lib_a-findfp.o)
                0x000000000800c4f8                __sf_fake_stdout
                0x000000000800c518                . = ALIGN (0x4)

.ARM.extab      0x000000000800c518        0x0
                0x000000000800c518                . = ALIGN (0x4)
 *(.ARM.extab* .gnu.linkonce.armextab.*)
                0x000000000800c518                . = ALIGN (0x4)

.ARM            0x000000000800c518        0x8
                0x000000000800c518                . = ALIGN (0x4)
                0x000000000800c518                __exidx_start = .
 *(.ARM.exidx*)
 .ARM.exidx     0x000000000800c518        0x8 /Applications/STM32CubeIDE.app/Contents/Eclipse/plugins/com.st.stm32cube.ide.mcu.externaltools.gnu-tools-for-stm32.9-2020-q2-update.macos64_2.0.0.202105311346/tools/bin/../lib/gcc/arm-none-eabi/9.3.1/thumb/v7e-m+fp/hard/libgcc.a(_udivmoddi4.o)
                0x000000000800c520                __exidx_end = .
                0x000000000800c520                . = ALIGN (0x4)

.rel.dyn        0x000000000800c520        0x0
 .rel.iplt      0x000000000800c520        0x0 /Applications/STM32CubeIDE.app/Contents/Eclipse/plugins/com.st.stm32cube.ide.mcu.externaltools.gnu-tools-for-stm32.9-2020-q2-update.macos64_2.0.0.202105311346/tools/bin/../lib/gcc/arm-none-eabi/9.3.1/thumb/v7e-m+fp/hard/crtbegin.o

.preinit_array  0x000000000800c520        0x0
                0x000000000800c520                . = ALIGN (0x4)
                0x000000000800c520                PROVIDE (__preinit_array_start = .)
 *(.preinit_array*)
                0x000000000800c520                PROVIDE (__preinit_array_end = .)
                0x000000000800c520                . = ALIGN (0x4)

.init_array     0x000000000800c520        0x4
                0x000000000800c520                . = ALIGN (0x4)
                0x000000000800c520                PROVIDE (__init_array_start = .)
 *(SORT_BY_NAME(.init_array.*))
 *(.init_array*)
 .init_array    0x000000000800c520        0x4 /Applications/STM32CubeIDE.app/Contents/Eclipse/plugins/com.st.stm32cube.ide.mcu.externaltools.gnu-tools-for-stm32.9-2020-q2-update.macos64_2.0.0.202105311346/tools/bin/../lib/gcc/arm-none-eabi/9.3.1/thumb/v7e-m+fp/hard/crtbegin.o
                0x000000000800c524                PROVIDE (__init_array_end = .)
                0x000000000800c524                . = ALIGN (0x4)

.fini_array     0x000000000800c524        0x4
                0x000000000800c524                . = ALIGN (0x4)
                [!provide]                        PROVIDE (__fini_array_start = .)
 *(SORT_BY_NAME(.fini_array.*))
 *(.fini_array*)
 .fini_array    0x000000000800c524        0x4 /Applications/STM32CubeIDE.app/Contents/Eclipse/plugins/com.st.stm32cube.ide.mcu.externaltools.gnu-tools-for-stm32.9-2020-q2-update.macos64_2.0.0.202105311346/tools/bin/../lib/gcc/arm-none-eabi/9.3.1/thumb/v7e-m+fp/hard/crtbegin.o
                [!provide]                        PROVIDE (__fini_array_end = .)
                0x000000000800c528                . = ALIGN (0x4)
                0x000000000800c528                _sidata = LOADADDR (.data)

.data           0x0000000020000000       0xbc load address 0x000000000800c528
                0x0000000020000000                . = ALIGN (0x4)
                0x0000000020000000                _sdata = .
 *(.data)
 *(.data*)
 .data.led7seg  0x0000000020000000        0x4 ./Core/Src/led_7seg.o
                0x0000000020000000                led7seg
 .data.spi_buffer
                0x0000000020000004        0x2 ./Core/Src/led_7seg.o
                0x0000000020000004                spi_buffer
 *fill*         0x0000000020000006        0x2 
 .data.snakeTailLen
                0x0000000020000008        0x4 ./Core/Src/main.o
                0x0000000020000008                snakeTailLen
 .data.gameover
                0x000000002000000c        0x4 ./Core/Src/main.o
                0x000000002000000c                gameover
 .data.SystemCoreClock
                0x0000000020000010        0x4 ./Core/Src/system_stm32f4xx.o
                0x0000000020000010                SystemCoreClock
 .data.tp_dev   0x0000000020000014       0x34 ./Core/Src/touch.o
                0x0000000020000014                tp_dev
 .data.CMD_RDX  0x0000000020000048        0x1 ./Core/Src/touch.o
                0x0000000020000048                CMD_RDX
 .data.CMD_RDY  0x0000000020000049        0x1 ./Core/Src/touch.o
                0x0000000020000049                CMD_RDY
 *fill*         0x000000002000004a        0x2 
 .data.uwTickPrio
                0x000000002000004c        0x4 ./Drivers/STM32F4xx_HAL_Driver/Src/stm32f4xx_hal.o
                0x000000002000004c                uwTickPrio
 .data.uwTickFreq
                0x0000000020000050        0x1 ./Drivers/STM32F4xx_HAL_Driver/Src/stm32f4xx_hal.o
                0x0000000020000050                uwTickFreq
 *fill*         0x0000000020000051        0x3 
 .data._impure_ptr
                0x0000000020000054        0x4 /Applications/STM32CubeIDE.app/Contents/Eclipse/plugins/com.st.stm32cube.ide.mcu.externaltools.gnu-tools-for-stm32.9-2020-q2-update.macos64_2.0.0.202105311346/tools/bin/../lib/gcc/arm-none-eabi/9.3.1/../../../../arm-none-eabi/lib/thumb/v7e-m+fp/hard/libc_nano.a(lib_a-impure.o)
                0x0000000020000054                _impure_ptr
 .data.impure_data
                0x0000000020000058       0x60 /Applications/STM32CubeIDE.app/Contents/Eclipse/plugins/com.st.stm32cube.ide.mcu.externaltools.gnu-tools-for-stm32.9-2020-q2-update.macos64_2.0.0.202105311346/tools/bin/../lib/gcc/arm-none-eabi/9.3.1/../../../../arm-none-eabi/lib/thumb/v7e-m+fp/hard/libc_nano.a(lib_a-impure.o)
 .data.__fdlib_version
                0x00000000200000b8        0x1 /Applications/STM32CubeIDE.app/Contents/Eclipse/plugins/com.st.stm32cube.ide.mcu.externaltools.gnu-tools-for-stm32.9-2020-q2-update.macos64_2.0.0.202105311346/tools/bin/../lib/gcc/arm-none-eabi/9.3.1/../../../../arm-none-eabi/lib/thumb/v7e-m+fp/hard/libm.a(lib_a-s_lib_ver.o)
                0x00000000200000b8                __fdlib_version
 *(.RamFunc)
 *(.RamFunc*)
                0x00000000200000bc                . = ALIGN (0x4)
 *fill*         0x00000000200000b9        0x3 
                0x00000000200000bc                _edata = .
                0x000000000800c5e4                _siccmram = LOADADDR (.ccmram)

.igot.plt       0x00000000200000bc        0x0 load address 0x000000000800c5e4
 .igot.plt      0x00000000200000bc        0x0 /Applications/STM32CubeIDE.app/Contents/Eclipse/plugins/com.st.stm32cube.ide.mcu.externaltools.gnu-tools-for-stm32.9-2020-q2-update.macos64_2.0.0.202105311346/tools/bin/../lib/gcc/arm-none-eabi/9.3.1/thumb/v7e-m+fp/hard/crtbegin.o

.ccmram         0x0000000010000000        0x0 load address 0x000000000800c5e4
                0x0000000010000000                . = ALIGN (0x4)
                0x0000000010000000                _sccmram = .
 *(.ccmram)
 *(.ccmram*)
                0x0000000010000000                . = ALIGN (0x4)
                0x0000000010000000                _eccmram = .
                0x0000000010000000                . = ALIGN (0x4)

.bss            0x00000000200000bc     0x8324
                0x00000000200000bc                _sbss = .
                0x00000000200000bc                __bss_start__ = _sbss
 *(.bss)
 .bss           0x00000000200000bc       0x1c /Applications/STM32CubeIDE.app/Contents/Eclipse/plugins/com.st.stm32cube.ide.mcu.externaltools.gnu-tools-for-stm32.9-2020-q2-update.macos64_2.0.0.202105311346/tools/bin/../lib/gcc/arm-none-eabi/9.3.1/thumb/v7e-m+fp/hard/crtbegin.o
 *(.bss*)
 .bss.FSMC_Initialized
                0x00000000200000d8        0x4 ./Core/Src/fsmc.o
 .bss.led7_index
                0x00000000200000dc        0x4 ./Core/Src/led_7seg.o
                0x00000000200000dc                led7_index
 .bss.navigatorIndex
                0x00000000200000e0        0x4 ./Core/Src/main.o
                0x00000000200000e0                navigatorIndex
 .bss.game_Status
                0x00000000200000e4        0x4 ./Core/Src/main.o
                0x00000000200000e4                game_Status
 .bss.flag_timer2
                0x00000000200000e8        0x2 ./Core/Src/software_timer.o
                0x00000000200000e8                flag_timer2
 .bss.timer2_counter
                0x00000000200000ea        0x2 ./Core/Src/software_timer.o
                0x00000000200000ea                timer2_counter
 .bss.timer2_MUL
                0x00000000200000ec        0x2 ./Core/Src/software_timer.o
                0x00000000200000ec                timer2_MUL
 *fill*         0x00000000200000ee        0x2 
 .bss.__sbrk_heap_end
                0x00000000200000f0        0x4 ./Core/Src/sysmem.o
 .bss.__malloc_free_list
                0x00000000200000f4        0x4 /Applications/STM32CubeIDE.app/Contents/Eclipse/plugins/com.st.stm32cube.ide.mcu.externaltools.gnu-tools-for-stm32.9-2020-q2-update.macos64_2.0.0.202105311346/tools/bin/../lib/gcc/arm-none-eabi/9.3.1/../../../../arm-none-eabi/lib/thumb/v7e-m+fp/hard/libc_nano.a(lib_a-nano-mallocr.o)
                0x00000000200000f4                __malloc_free_list
 .bss.__malloc_sbrk_start
                0x00000000200000f8        0x4 /Applications/STM32CubeIDE.app/Contents/Eclipse/plugins/com.st.stm32cube.ide.mcu.externaltools.gnu-tools-for-stm32.9-2020-q2-update.macos64_2.0.0.202105311346/tools/bin/../lib/gcc/arm-none-eabi/9.3.1/../../../../arm-none-eabi/lib/thumb/v7e-m+fp/hard/libc_nano.a(lib_a-nano-mallocr.o)
                0x00000000200000f8                __malloc_sbrk_start
 *(COMMON)
 COMMON         0x00000000200000fc       0xa8 ./Core/Src/adc.o
                0x00000000200000fc                hadc1
                0x0000000020000144                hdma_adc1
 COMMON         0x00000000200001a4       0x50 ./Core/Src/fsmc.o
                0x00000000200001a4                hsram1
 COMMON         0x00000000200001f4       0x54 ./Core/Src/i2c.o
                0x00000000200001f4                hi2c1
 COMMON         0x0000000020000248       0x3a ./Core/Src/lcd.o
                0x0000000020000248                lcddev
                0x0000000020000250                s
 *fill*         0x0000000020000282        0x2 
 COMMON         0x0000000020000284     0x8018 ./Core/Src/main.o
                0x0000000020000284                x
                0x0000000020000288                score
                0x000000002000028c                fruitx
                0x0000000020000290                snakeTailY
                0x0000000020004290                y
                0x0000000020004294                fruity
                0x0000000020004298                key
                0x000000002000429c                snakeTailX
 COMMON         0x000000002000829c       0x58 ./Core/Src/spi.o
                0x000000002000829c                hspi1
 COMMON         0x00000000200082f4       0xd8 ./Core/Src/tim.o
                0x00000000200082f4                htim13
                0x000000002000833c                htim1
                0x0000000020008384                htim2
 COMMON         0x00000000200083cc        0x4 ./Drivers/STM32F4xx_HAL_Driver/Src/stm32f4xx_hal.o
                0x00000000200083cc                uwTick
 COMMON         0x00000000200083d0        0x9 /Applications/STM32CubeIDE.app/Contents/Eclipse/plugins/com.st.stm32cube.ide.mcu.externaltools.gnu-tools-for-stm32.9-2020-q2-update.macos64_2.0.0.202105311346/tools/bin/../lib/gcc/arm-none-eabi/9.3.1/../../../../arm-none-eabi/lib/thumb/v7e-m+fp/hard/libc_nano.a(lib_a-lock.o)
                0x00000000200083d0                __lock___atexit_recursive_mutex
                0x00000000200083d1                __lock___arc4random_mutex
                0x00000000200083d2                __lock___env_recursive_mutex
                0x00000000200083d3                __lock___sinit_recursive_mutex
                0x00000000200083d4                __lock___malloc_recursive_mutex
                0x00000000200083d5                __lock___at_quick_exit_mutex
                0x00000000200083d6                __lock___dd_hash_mutex
                0x00000000200083d7                __lock___tz_mutex
                0x00000000200083d8                __lock___sfp_recursive_mutex
 *fill*         0x00000000200083d9        0x3 
 COMMON         0x00000000200083dc        0x4 /Applications/STM32CubeIDE.app/Contents/Eclipse/plugins/com.st.stm32cube.ide.mcu.externaltools.gnu-tools-for-stm32.9-2020-q2-update.macos64_2.0.0.202105311346/tools/bin/../lib/gcc/arm-none-eabi/9.3.1/../../../../arm-none-eabi/lib/thumb/v7e-m+fp/hard/libc_nano.a(lib_a-reent.o)
                0x00000000200083dc                errno
                0x00000000200083e0                . = ALIGN (0x4)
                0x00000000200083e0                _ebss = .
                0x00000000200083e0                __bss_end__ = _ebss

._user_heap_stack
                0x00000000200083e0      0x600
                0x00000000200083e0                . = ALIGN (0x8)
                [!provide]                        PROVIDE (end = .)
                0x00000000200083e0                PROVIDE (_end = .)
                0x00000000200085e0                . = (. + _Min_Heap_Size)
 *fill*         0x00000000200083e0      0x200 
                0x00000000200089e0                . = (. + _Min_Stack_Size)
 *fill*         0x00000000200085e0      0x400 
                0x00000000200089e0                . = ALIGN (0x8)

/DISCARD/
 libc.a(*)
 libm.a(*)
 libgcc.a(*)

.ARM.attributes
                0x0000000000000000       0x30
 *(.ARM.attributes)
 .ARM.attributes
                0x0000000000000000       0x1e /Applications/STM32CubeIDE.app/Contents/Eclipse/plugins/com.st.stm32cube.ide.mcu.externaltools.gnu-tools-for-stm32.9-2020-q2-update.macos64_2.0.0.202105311346/tools/bin/../lib/gcc/arm-none-eabi/9.3.1/thumb/v7e-m+fp/hard/crti.o
 .ARM.attributes
                0x000000000000001e       0x34 /Applications/STM32CubeIDE.app/Contents/Eclipse/plugins/com.st.stm32cube.ide.mcu.externaltools.gnu-tools-for-stm32.9-2020-q2-update.macos64_2.0.0.202105311346/tools/bin/../lib/gcc/arm-none-eabi/9.3.1/thumb/v7e-m+fp/hard/crtbegin.o
 .ARM.attributes
                0x0000000000000052       0x34 ./Core/Src/adc.o
 .ARM.attributes
                0x0000000000000086       0x34 ./Core/Src/at24c.o
 .ARM.attributes
                0x00000000000000ba       0x34 ./Core/Src/button.o
 .ARM.attributes
                0x00000000000000ee       0x34 ./Core/Src/dma.o
 .ARM.attributes
                0x0000000000000122       0x34 ./Core/Src/fsmc.o
 .ARM.attributes
                0x0000000000000156       0x34 ./Core/Src/gpio.o
 .ARM.attributes
                0x000000000000018a       0x34 ./Core/Src/i2c.o
 .ARM.attributes
                0x00000000000001be       0x34 ./Core/Src/lcd.o
 .ARM.attributes
                0x00000000000001f2       0x34 ./Core/Src/led_7seg.o
 .ARM.attributes
                0x0000000000000226       0x34 ./Core/Src/main.o
 .ARM.attributes
                0x000000000000025a       0x34 ./Core/Src/software_timer.o
 .ARM.attributes
                0x000000000000028e       0x34 ./Core/Src/spi.o
 .ARM.attributes
                0x00000000000002c2       0x34 ./Core/Src/stm32f4xx_hal_msp.o
 .ARM.attributes
                0x00000000000002f6       0x34 ./Core/Src/stm32f4xx_it.o
 .ARM.attributes
                0x000000000000032a       0x34 ./Core/Src/syscalls.o
 .ARM.attributes
                0x000000000000035e       0x34 ./Core/Src/sysmem.o
 .ARM.attributes
                0x0000000000000392       0x34 ./Core/Src/system_stm32f4xx.o
 .ARM.attributes
                0x00000000000003c6       0x34 ./Core/Src/tim.o
 .ARM.attributes
                0x00000000000003fa       0x34 ./Core/Src/touch.o
 .ARM.attributes
                0x000000000000042e       0x21 ./Core/Startup/startup_stm32f407zetx.o
 .ARM.attributes
                0x000000000000044f       0x34 ./Drivers/STM32F4xx_HAL_Driver/Src/stm32f4xx_hal.o
 .ARM.attributes
                0x0000000000000483       0x34 ./Drivers/STM32F4xx_HAL_Driver/Src/stm32f4xx_hal_adc.o
 .ARM.attributes
                0x00000000000004b7       0x34 ./Drivers/STM32F4xx_HAL_Driver/Src/stm32f4xx_hal_cortex.o
 .ARM.attributes
                0x00000000000004eb       0x34 ./Drivers/STM32F4xx_HAL_Driver/Src/stm32f4xx_hal_dma.o
 .ARM.attributes
                0x000000000000051f       0x34 ./Drivers/STM32F4xx_HAL_Driver/Src/stm32f4xx_hal_gpio.o
 .ARM.attributes
                0x0000000000000553       0x34 ./Drivers/STM32F4xx_HAL_Driver/Src/stm32f4xx_hal_i2c.o
 .ARM.attributes
                0x0000000000000587       0x34 ./Drivers/STM32F4xx_HAL_Driver/Src/stm32f4xx_hal_rcc.o
 .ARM.attributes
                0x00000000000005bb       0x34 ./Drivers/STM32F4xx_HAL_Driver/Src/stm32f4xx_hal_spi.o
 .ARM.attributes
                0x00000000000005ef       0x34 ./Drivers/STM32F4xx_HAL_Driver/Src/stm32f4xx_hal_sram.o
 .ARM.attributes
                0x0000000000000623       0x34 ./Drivers/STM32F4xx_HAL_Driver/Src/stm32f4xx_hal_tim.o
 .ARM.attributes
                0x0000000000000657       0x34 ./Drivers/STM32F4xx_HAL_Driver/Src/stm32f4xx_hal_tim_ex.o
 .ARM.attributes
                0x000000000000068b       0x34 ./Drivers/STM32F4xx_HAL_Driver/Src/stm32f4xx_ll_fsmc.o
 .ARM.attributes
                0x00000000000006bf       0x34 /Applications/STM32CubeIDE.app/Contents/Eclipse/plugins/com.st.stm32cube.ide.mcu.externaltools.gnu-tools-for-stm32.9-2020-q2-update.macos64_2.0.0.202105311346/tools/bin/../lib/gcc/arm-none-eabi/9.3.1/../../../../arm-none-eabi/lib/thumb/v7e-m+fp/hard/libc_nano.a(lib_a-errno.o)
 .ARM.attributes
                0x00000000000006f3       0x32 /Applications/STM32CubeIDE.app/Contents/Eclipse/plugins/com.st.stm32cube.ide.mcu.externaltools.gnu-tools-for-stm32.9-2020-q2-update.macos64_2.0.0.202105311346/tools/bin/../lib/gcc/arm-none-eabi/9.3.1/../../../../arm-none-eabi/lib/thumb/v7e-m+fp/hard/libc_nano.a(lib_a-impure.o)
 .ARM.attributes
                0x0000000000000725       0x34 /Applications/STM32CubeIDE.app/Contents/Eclipse/plugins/com.st.stm32cube.ide.mcu.externaltools.gnu-tools-for-stm32.9-2020-q2-update.macos64_2.0.0.202105311346/tools/bin/../lib/gcc/arm-none-eabi/9.3.1/../../../../arm-none-eabi/lib/thumb/v7e-m+fp/hard/libc_nano.a(lib_a-init.o)
 .ARM.attributes
                0x0000000000000759       0x34 /Applications/STM32CubeIDE.app/Contents/Eclipse/plugins/com.st.stm32cube.ide.mcu.externaltools.gnu-tools-for-stm32.9-2020-q2-update.macos64_2.0.0.202105311346/tools/bin/../lib/gcc/arm-none-eabi/9.3.1/../../../../arm-none-eabi/lib/thumb/v7e-m+fp/hard/libc_nano.a(lib_a-memset.o)
 .ARM.attributes
                0x000000000000078d       0x34 /Applications/STM32CubeIDE.app/Contents/Eclipse/plugins/com.st.stm32cube.ide.mcu.externaltools.gnu-tools-for-stm32.9-2020-q2-update.macos64_2.0.0.202105311346/tools/bin/../lib/gcc/arm-none-eabi/9.3.1/../../../../arm-none-eabi/lib/thumb/v7e-m+fp/hard/libc_nano.a(lib_a-rand.o)
 .ARM.attributes
                0x00000000000007c1       0x34 /Applications/STM32CubeIDE.app/Contents/Eclipse/plugins/com.st.stm32cube.ide.mcu.externaltools.gnu-tools-for-stm32.9-2020-q2-update.macos64_2.0.0.202105311346/tools/bin/../lib/gcc/arm-none-eabi/9.3.1/../../../../arm-none-eabi/lib/thumb/v7e-m+fp/hard/libc_nano.a(lib_a-assert.o)
 .ARM.attributes
                0x00000000000007f5       0x34 /Applications/STM32CubeIDE.app/Contents/Eclipse/plugins/com.st.stm32cube.ide.mcu.externaltools.gnu-tools-for-stm32.9-2020-q2-update.macos64_2.0.0.202105311346/tools/bin/../lib/gcc/arm-none-eabi/9.3.1/../../../../arm-none-eabi/lib/thumb/v7e-m+fp/hard/libc_nano.a(lib_a-fprintf.o)
 .ARM.attributes
                0x0000000000000829       0x34 /Applications/STM32CubeIDE.app/Contents/Eclipse/plugins/com.st.stm32cube.ide.mcu.externaltools.gnu-tools-for-stm32.9-2020-q2-update.macos64_2.0.0.202105311346/tools/bin/../lib/gcc/arm-none-eabi/9.3.1/../../../../arm-none-eabi/lib/thumb/v7e-m+fp/hard/libc_nano.a(lib_a-malloc.o)
 .ARM.attributes
                0x000000000000085d       0x34 /Applications/STM32CubeIDE.app/Contents/Eclipse/plugins/com.st.stm32cube.ide.mcu.externaltools.gnu-tools-for-stm32.9-2020-q2-update.macos64_2.0.0.202105311346/tools/bin/../lib/gcc/arm-none-eabi/9.3.1/../../../../arm-none-eabi/lib/thumb/v7e-m+fp/hard/libc_nano.a(lib_a-nano-freer.o)
 .ARM.attributes
                0x0000000000000891       0x34 /Applications/STM32CubeIDE.app/Contents/Eclipse/plugins/com.st.stm32cube.ide.mcu.externaltools.gnu-tools-for-stm32.9-2020-q2-update.macos64_2.0.0.202105311346/tools/bin/../lib/gcc/arm-none-eabi/9.3.1/../../../../arm-none-eabi/lib/thumb/v7e-m+fp/hard/libc_nano.a(lib_a-nano-mallocr.o)
 .ARM.attributes
                0x00000000000008c5       0x34 /Applications/STM32CubeIDE.app/Contents/Eclipse/plugins/com.st.stm32cube.ide.mcu.externaltools.gnu-tools-for-stm32.9-2020-q2-update.macos64_2.0.0.202105311346/tools/bin/../lib/gcc/arm-none-eabi/9.3.1/../../../../arm-none-eabi/lib/thumb/v7e-m+fp/hard/libc_nano.a(lib_a-nano-vfprintf.o)
 .ARM.attributes
                0x00000000000008f9       0x34 /Applications/STM32CubeIDE.app/Contents/Eclipse/plugins/com.st.stm32cube.ide.mcu.externaltools.gnu-tools-for-stm32.9-2020-q2-update.macos64_2.0.0.202105311346/tools/bin/../lib/gcc/arm-none-eabi/9.3.1/../../../../arm-none-eabi/lib/thumb/v7e-m+fp/hard/libc_nano.a(lib_a-nano-vfprintf_i.o)
 .ARM.attributes
                0x000000000000092d       0x34 /Applications/STM32CubeIDE.app/Contents/Eclipse/plugins/com.st.stm32cube.ide.mcu.externaltools.gnu-tools-for-stm32.9-2020-q2-update.macos64_2.0.0.202105311346/tools/bin/../lib/gcc/arm-none-eabi/9.3.1/../../../../arm-none-eabi/lib/thumb/v7e-m+fp/hard/libc_nano.a(lib_a-sbrkr.o)
 .ARM.attributes
                0x0000000000000961       0x34 /Applications/STM32CubeIDE.app/Contents/Eclipse/plugins/com.st.stm32cube.ide.mcu.externaltools.gnu-tools-for-stm32.9-2020-q2-update.macos64_2.0.0.202105311346/tools/bin/../lib/gcc/arm-none-eabi/9.3.1/../../../../arm-none-eabi/lib/thumb/v7e-m+fp/hard/libc_nano.a(lib_a-wbuf.o)
 .ARM.attributes
                0x0000000000000995       0x34 /Applications/STM32CubeIDE.app/Contents/Eclipse/plugins/com.st.stm32cube.ide.mcu.externaltools.gnu-tools-for-stm32.9-2020-q2-update.macos64_2.0.0.202105311346/tools/bin/../lib/gcc/arm-none-eabi/9.3.1/../../../../arm-none-eabi/lib/thumb/v7e-m+fp/hard/libc_nano.a(lib_a-wsetup.o)
 .ARM.attributes